Component: ARM Compiler 5.06 update 6 (build 750) Tool: armlink [4d35ed]

==============================================================================

Section Cross References

    startup_stm32f103xb.o(STACK) refers (Special) to heapauxi.o(.text) for __use_two_region_memory
    startup_stm32f103xb.o(HEAP) refers (Special) to heapauxi.o(.text) for __use_two_region_memory
    startup_stm32f103xb.o(RESET) refers (Special) to heapauxi.o(.text) for __use_two_region_memory
    startup_stm32f103xb.o(RESET) refers to startup_stm32f103xb.o(STACK) for __initial_sp
    startup_stm32f103xb.o(RESET) refers to startup_stm32f103xb.o(.text) for Reset_Handler
    startup_stm32f103xb.o(RESET) refers to stm32f1xx_it.o(i.NMI_Handler) for NMI_Handler
    startup_stm32f103xb.o(RESET) refers to stm32f1xx_it.o(i.HardFault_Handler) for HardFault_Handler
    startup_stm32f103xb.o(RESET) refers to stm32f1xx_it.o(i.MemManage_Handler) for MemManage_Handler
    startup_stm32f103xb.o(RESET) refers to stm32f1xx_it.o(i.BusFault_Handler) for BusFault_Handler
    startup_stm32f103xb.o(RESET) refers to stm32f1xx_it.o(i.UsageFault_Handler) for UsageFault_Handler
    startup_stm32f103xb.o(RESET) refers to port.o(.emb_text) for SVC_Handler
    startup_stm32f103xb.o(RESET) refers to stm32f1xx_it.o(i.DebugMon_Handler) for DebugMon_Handler
    startup_stm32f103xb.o(RESET) refers to stm32f1xx_it.o(i.SysTick_Handler) for SysTick_Handler
    startup_stm32f103xb.o(RESET) refers to stm32f1xx_it.o(i.DMA1_Channel2_IRQHandler) for DMA1_Channel2_IRQHandler
    startup_stm32f103xb.o(RESET) refers to stm32f1xx_it.o(i.DMA1_Channel3_IRQHandler) for DMA1_Channel3_IRQHandler
    startup_stm32f103xb.o(RESET) refers to stm32f1xx_it.o(i.TIM1_UP_IRQHandler) for TIM1_UP_IRQHandler
    startup_stm32f103xb.o(RESET) refers to stm32f1xx_it.o(i.TIM1_CC_IRQHandler) for TIM1_CC_IRQHandler
    startup_stm32f103xb.o(RESET) refers to stm32f1xx_it.o(i.TIM3_IRQHandler) for TIM3_IRQHandler
    startup_stm32f103xb.o(RESET) refers to stm32f1xx_it.o(i.USART3_IRQHandler) for USART3_IRQHandler
    startup_stm32f103xb.o(.text) refers (Special) to heapauxi.o(.text) for __use_two_region_memory
    startup_stm32f103xb.o(.text) refers to system_stm32f1xx.o(i.SystemInit) for SystemInit
    startup_stm32f103xb.o(.text) refers to __main.o(!!!main) for __main
    startup_stm32f103xb.o(.text) refers to startup_stm32f103xb.o(HEAP) for Heap_Mem
    startup_stm32f103xb.o(.text) refers to startup_stm32f103xb.o(STACK) for Stack_Mem
    oled.o(i.OLED_Clear) refers to oled.o(i.OLED_WR_CMD) for OLED_WR_CMD
    oled.o(i.OLED_Clear) refers to oled.o(i.OLED_WR_DATA) for OLED_WR_DATA
    oled.o(i.OLED_Display_Off) refers to oled.o(i.OLED_WR_CMD) for OLED_WR_CMD
    oled.o(i.OLED_Display_On) refers to oled.o(i.OLED_WR_CMD) for OLED_WR_CMD
    oled.o(i.OLED_Init) refers to stm32f1xx_hal.o(i.HAL_Delay) for HAL_Delay
    oled.o(i.OLED_Init) refers to oled.o(i.WriteCmd) for WriteCmd
    oled.o(i.OLED_On) refers to oled.o(i.OLED_WR_CMD) for OLED_WR_CMD
    oled.o(i.OLED_On) refers to oled.o(i.OLED_WR_DATA) for OLED_WR_DATA
    oled.o(i.OLED_Set_Pos) refers to oled.o(i.OLED_WR_CMD) for OLED_WR_CMD
    oled.o(i.OLED_ShowCHinese) refers to oled.o(i.OLED_Set_Pos) for OLED_Set_Pos
    oled.o(i.OLED_ShowCHinese) refers to oled.o(i.OLED_WR_DATA) for OLED_WR_DATA
    oled.o(i.OLED_ShowCHinese) refers to oled.o(.constdata) for .constdata
    oled.o(i.OLED_ShowChar) refers to oled.o(i.OLED_Set_Pos) for OLED_Set_Pos
    oled.o(i.OLED_ShowChar) refers to oled.o(i.OLED_WR_DATA) for OLED_WR_DATA
    oled.o(i.OLED_ShowChar) refers to oled.o(.constdata) for .constdata
    oled.o(i.OLED_ShowNum) refers to oled.o(i.oled_pow) for oled_pow
    oled.o(i.OLED_ShowNum) refers to oled.o(i.OLED_ShowChar) for OLED_ShowChar
    oled.o(i.OLED_ShowString) refers to oled.o(i.OLED_ShowChar) for OLED_ShowChar
    oled.o(i.OLED_WR_CMD) refers to stm32f1xx_hal_i2c.o(i.HAL_I2C_Mem_Write) for HAL_I2C_Mem_Write
    oled.o(i.OLED_WR_CMD) refers to i2c.o(.bss) for hi2c1
    oled.o(i.OLED_WR_DATA) refers to stm32f1xx_hal_i2c.o(i.HAL_I2C_Mem_Write) for HAL_I2C_Mem_Write
    oled.o(i.OLED_WR_DATA) refers to i2c.o(.bss) for hi2c1
    oled.o(i.WriteCmd) refers to stm32f1xx_hal_i2c.o(i.HAL_I2C_Mem_Write) for HAL_I2C_Mem_Write
    oled.o(i.WriteCmd) refers to oled.o(.data) for .data
    oled.o(i.WriteCmd) refers to i2c.o(.bss) for hi2c1
    iic_1.o(i.IIC_Ack) refers to stm32f1xx_hal_gpio.o(i.HAL_GPIO_WritePin) for HAL_GPIO_WritePin
    iic_1.o(i.IIC_Ack) refers to iic_1.o(i.IIC_Delay) for IIC_Delay
    iic_1.o(i.IIC_CheckDevice) refers to iic_1.o(i.IIC_GPIO_Init) for IIC_GPIO_Init
    iic_1.o(i.IIC_CheckDevice) refers to iic_1.o(i.IIC_Start) for IIC_Start
    iic_1.o(i.IIC_CheckDevice) refers to iic_1.o(i.IIC_Send_Byte) for IIC_Send_Byte
    iic_1.o(i.IIC_CheckDevice) refers to iic_1.o(i.IIC_Wait_Ack) for IIC_Wait_Ack
    iic_1.o(i.IIC_CheckDevice) refers to iic_1.o(i.IIC_Stop) for IIC_Stop
[...]
    xTaskRemoveFromEventList                 0x0800af69   Thumb Code    98  tasks.o(i.xTaskRemoveFromEventList)
    xTaskResumeAll                           0x0800afd9   Thumb Code   182  tasks.o(i.xTaskResumeAll)
    xTimerCreateTimerTask                    0x0800b09d   Thumb Code    78  timers.o(i.xTimerCreateTimerTask)
    xTimerGenericCommand                     0x0800b0fd   Thumb Code    98  timers.o(i.xTimerGenericCommand)
    _get_lc_numeric                          0x0800b165   Thumb Code    44  lc_numeric_c.o(locale$$code)
    _get_lc_ctype                            0x0800b191   Thumb Code    44  lc_ctype_c.o(locale$$code)
    __aeabi_d2f                              0x0800b1bd   Thumb Code     0  d2f.o(x$fpl$d2f)
    _d2f                                     0x0800b1bd   Thumb Code    98  d2f.o(x$fpl$d2f)
    __aeabi_dadd                             0x0800b221   Thumb Code     0  daddsub_clz.o(x$fpl$dadd)
    _dadd                                    0x0800b221   Thumb Code   332  daddsub_clz.o(x$fpl$dadd)
    __fpl_dcheck_NaN1                        0x0800b371   Thumb Code    10  dcheck1.o(x$fpl$dcheck1)
    __fpl_dcmp_Inf                           0x0800b381   Thumb Code    24  dcmpi.o(x$fpl$dcmpinf)
    __aeabi_ddiv                             0x0800b399   Thumb Code     0  ddiv.o(x$fpl$ddiv)
    _ddiv                                    0x0800b399   Thumb Code   552  ddiv.o(x$fpl$ddiv)
    __aeabi_cdcmpeq                          0x0800b649   Thumb Code     0  deqf.o(x$fpl$deqf)
    _dcmpeq                                  0x0800b649   Thumb Code   120  deqf.o(x$fpl$deqf)
    __aeabi_cdcmple                          0x0800b6c1   Thumb Code     0  dleqf.o(x$fpl$dleqf)
    _dcmple                                  0x0800b6c1   Thumb Code   120  dleqf.o(x$fpl$dleqf)
    __fpl_dcmple_InfNaN                      0x0800b723   Thumb Code     0  dleqf.o(x$fpl$dleqf)
    __aeabi_dmul                             0x0800b739   Thumb Code     0  dmul.o(x$fpl$dmul)
    _dmul                                    0x0800b739   Thumb Code   332  dmul.o(x$fpl$dmul)
    __fpl_dnaninf                            0x0800b88d   Thumb Code   156  dnaninf.o(x$fpl$dnaninf)
    __fpl_dretinf                            0x0800b929   Thumb Code    12  dretinf.o(x$fpl$dretinf)
    __aeabi_cdrcmple                         0x0800b935   Thumb Code     0  drleqf.o(x$fpl$drleqf)
    _drcmple                                 0x0800b935   Thumb Code   108  drleqf.o(x$fpl$drleqf)
    __aeabi_drsub                            0x0800b9a1   Thumb Code     0  daddsub_clz.o(x$fpl$drsb)
    _drsb                                    0x0800b9a1   Thumb Code    22  daddsub_clz.o(x$fpl$drsb)
    _dsqrt                                   0x0800b9b9   Thumb Code   456  dsqrt_noumaal.o(x$fpl$dsqrt)
    __aeabi_dsub                             0x0800bb85   Thumb Code     0  daddsub_clz.o(x$fpl$dsub)
    _dsub                                    0x0800bb85   Thumb Code   464  daddsub_clz.o(x$fpl$dsub)
    __aeabi_f2d                              0x0800bd59   Thumb Code     0  f2d.o(x$fpl$f2d)
    _f2d                                     0x0800bd59   Thumb Code    86  f2d.o(x$fpl$f2d)
    __aeabi_fadd                             0x0800bdb1   Thumb Code     0  faddsub_clz.o(x$fpl$fadd)
    _fadd                                    0x0800bdb1   Thumb Code   196  faddsub_clz.o(x$fpl$fadd)
    __fpl_fcheck_NaN1                        0x0800be75   Thumb Code     6  fcheck1.o(x$fpl$fcheck1)
    __aeabi_fdiv                             0x0800be81   Thumb Code     0  fdiv.o(x$fpl$fdiv)
    _fdiv                                    0x0800be81   Thumb Code   384  fdiv.o(x$fpl$fdiv)
    __aeabi_f2iz                             0x0800c005   Thumb Code     0  ffix.o(x$fpl$ffix)
    _ffix                                    0x0800c005   Thumb Code    54  ffix.o(x$fpl$ffix)
    __aeabi_f2uiz                            0x0800c03d   Thumb Code     0  ffixu.o(x$fpl$ffixu)
    _ffixu                                   0x0800c03d   Thumb Code    62  ffixu.o(x$fpl$ffixu)
    __aeabi_i2f                              0x0800c07d   Thumb Code     0  fflt_clz.o(x$fpl$fflt)
    _fflt                                    0x0800c07d   Thumb Code    48  fflt_clz.o(x$fpl$fflt)
    __aeabi_ui2f                             0x0800c0ad   Thumb Code     0  fflt_clz.o(x$fpl$ffltu)
    _ffltu                                   0x0800c0ad   Thumb Code    38  fflt_clz.o(x$fpl$ffltu)
    __aeabi_fmul                             0x0800c0d5   Thumb Code     0  fmul.o(x$fpl$fmul)
    _fmul                                    0x0800c0d5   Thumb Code   258  fmul.o(x$fpl$fmul)
    __fpl_fnaninf                            0x0800c1d7   Thumb Code   140  fnaninf.o(x$fpl$fnaninf)
    __fpl_fretinf                            0x0800c263   Thumb Code    10  fretinf.o(x$fpl$fretinf)
    __aeabi_fsub                             0x0800c26d   Thumb Code     0  faddsub_clz.o(x$fpl$fsub)
    _fsub                                    0x0800c26d   Thumb Code   234  faddsub_clz.o(x$fpl$fsub)
    __ieee_status                            0x0800c357   Thumb Code     6  istatus.o(x$fpl$ieeestatus)
    _printf_fp_dec                           0x0800c35d   Thumb Code     4  printf1.o(x$fpl$printf1)
    _printf_fp_hex                           0x0800c361   Thumb Code     4  printf2.o(x$fpl$printf2)
    __fpl_return_NaN                         0x0800c365   Thumb Code   100  retnan.o(x$fpl$retnan)
    __ARM_scalbn                             0x0800c3c9   Thumb Code    92  scalbn.o(x$fpl$scalbn)
    __ARM_scalbnf                            0x0800c425   Thumb Code    76  scalbnf.o(x$fpl$scalbnf)
    _scanf_real                              0x0800c471   Thumb Code     4  scanf1.o(x$fpl$scanf1)
    _scanf_hex_real                          0x0800c475   Thumb Code     4  scanf2.o(x$fpl$scanf2)
    _scanf_infnan                            0x0800c479   Thumb Code     4  scanf2.o(x$fpl$scanf2)
    __fpl_cmpreturn                          0x0800c47d   Thumb Code    48  trapv.o(x$fpl$trapveneer)
    F6x8                                     0x0800c4ac   Data         552  oled.o(.constdata)
    __I$use$fp                               0x0800c4ac   Number         0  usenofp.o(x$fpl$usenofp)
    F8X16                                    0x0800c6d4   Data        1504  oled.o(.constdata)
    Hzk                                      0x0800ccb4   Data         448  oled.o(.constdata)
    reg                                      0x0800ce74   Data          27  inv_mpu_1.o(.constdata)
    hw                                       0x0800ce90   Data          12  inv_mpu_1.o(.constdata)
    test                                     0x0800ce9c   Data          40  inv_mpu_1.o(.constdata)
    defaultTask_attributes                   0x0800dabc   Data          36  freertos.o(.constdata)
    Control_attributes                       0x0800dae0   Data          36  freertos.o(.constdata)
    Comm_attributes                          0x0800db04   Data          36  freertos.o(.constdata)
    Display_attributes                       0x0800db28   Data          36  freertos.o(.constdata)
    AHBPrescTable                            0x0800db5e   Data          16  system_stm32f1xx.o(.constdata)
    APBPrescTable                            0x0800db6e   Data           8  system_stm32f1xx.o(.constdata)
    __mathlib_zero                           0x0800dca8   Data           8  qnan.o(.constdata)
    Region$$Table$$Base                      0x0800ddd8   Number         0  anon$$obj.o(Region$$Table)
    Region$$Table$$Limit                     0x0800ddf8   Number         0  anon$$obj.o(Region$$Table)
    __aeabi_HUGE_VAL                         0x0800ddf8   Data           0  fpconst.o(c$$dinf)
    __aeabi_HUGE_VALL                        0x0800ddf8   Data           0  fpconst.o(c$$dinf)
    __aeabi_INFINITY                         0x0800ddf8   Data           0  fpconst.o(c$$dinf)
    __dInf                                   0x0800ddf8   Data           0  fpconst.o(c$$dinf)
    __huge_val                               0x0800ddf8   Data           0  fpconst.o(c$$dinf)
    __dbl_max                                0x0800de00   Data           0  fpconst.o(c$$dmax)
    __ctype                                  0x0800de31   Data           0  lc_ctype_c.o(locale$$data)
    CMD_Data                                 0x20000000   Data          27  oled.o(.data)
    distance                                 0x20000058   Data           4  sr04.o(.data)
    defaultTaskHandle                        0x200000d8   Data           4  freertos.o(.data)
    ControlHandle                            0x200000dc   Data           4  freertos.o(.data)
    CommHandle                               0x200000e0   Data           4  freertos.o(.data)
    DisplayHandle                            0x200000e4   Data           4  freertos.o(.data)
    uwTickFreq                               0x200000e8   Data           1  stm32f1xx_hal.o(.data)
    uwTickPrio                               0x200000ec   Data           4  stm32f1xx_hal.o(.data)
    uwTick                                   0x200000f0   Data           4  stm32f1xx_hal.o(.data)
    SystemCoreClock                          0x200000f4   Data           4  system_stm32f1xx.o(.data)
    pxCurrentTCB                             0x200000f8   Data           4  tasks.o(.data)
    hi2c1                                    0x2000026c   Data          84  i2c.o(.bss)
    htim1                                    0x200002c0   Data          72  tim.o(.bss)
    htim2                                    0x20000308   Data          72  tim.o(.bss)
    htim3                                    0x20000350   Data          72  tim.o(.bss)
    htim4                                    0x20000398   Data          72  tim.o(.bss)
    huart3                                   0x200003e0   Data          72  usart.o(.bss)
    hdma_usart3_rx                           0x20000428   Data          68  usart.o(.bss)
    hdma_usart3_tx                           0x2000046c   Data          68  usart.o(.bss)
    g_vofa                                   0x200004b0   Data          92  vofa_debug.o(.bss)
    xQueueRegistry                           0x2000050c   Data          64  queue.o(.bss)
    __libspace_start                         0x200041e0   Data          96  libspace.o(.bss)
    __temporary_stack_top$libspace           0x20004240   Data           0  libspace.o(.bss)



==============================================================================

Memory Map of the image

  Image Entry point : 0x080000ed

  Load Region LR_IROM1 (Base: 0x08000000, Size: 0x0000e0a4, Max: 0x00010000, ABSOLUTE, COMPRESSED[0x0000df94])

    Execution Region ER_IROM1 (Exec base: 0x08000000, Load base: 0x08000000, Size: 0x0000df34, Max: 0x00010000, ABSOLUTE)

    Exec Addr    Load Addr    Size         Type   Attr      Idx    E Section Name        Object

    0x08000000   0x08000000   0x000000ec   Data   RO            3    RESET               startup_stm32f103xb.o
    0x080000ec   0x080000ec   0x00000008   Code   RO         6559  * !!!main             c_w.l(__main.o)
    0x080000f4   0x080000f4   0x00000034   Code   RO         7061    !!!scatter          c_w.l(__scatter.o)
    0x08000128   0x08000128   0x0000005a   Code   RO         7059    !!dczerorl2         c_w.l(__dczerorl2.o)
    0x08000182   0x08000182   0x00000002   PAD
    0x08000184   0x08000184   0x0000001c   Code   RO         7063    !!handler_zi        c_w.l(__scatter_zi.o)
    0x080001a0   0x080001a0   0x00000000   Code   RO         6542    .ARM.Collect$$_printf_percent$$00000000  c_w.l(_printf_percent.o)
    0x080001a0   0x080001a0   0x00000006   Code   RO         6690    .ARM.Collect$$_printf_percent$$00000001  c_w.l(_printf_n.o)
    0x080001a6   0x080001a6   0x00000006   Code   RO         6692    .ARM.Collect$$_printf_percent$$00000002  c_w.l(_printf_p.o)
    0x080001ac   0x080001ac   0x00000006   Code   RO         6541    .ARM.Collect$$_printf_percent$$00000003  c_w.l(_printf_f.o)
    0x080001b2   0x080001b2   0x00000006   Code   RO         6696    .ARM.Collect$$_printf_percent$$00000004  c_w.l(_printf_e.o)
    0x080001b8   0x080001b8   0x00000006   Code   RO         6697    .ARM.Collect$$_printf_percent$$00000005  c_w.l(_printf_g.o)
    0x080001be   0x080001be   0x00000006   Code   RO         6698    .ARM.Collect$$_printf_percent$$00000006  c_w.l(_printf_a.o)
    0x080001c4   0x080001c4   0x0000000a   Code   RO         6703    .ARM.Collect$$_printf_percent$$00000007  c_w.l(_printf_ll.o)
    0x080001ce   0x080001ce   0x00000006   Code   RO         6694    .ARM.Collect$$_printf_percent$$00000008  c_w.l(_printf_i.o)
    0x080001d4   0x080001d4   0x00000006   Code   RO         6540    .ARM.Collect$$_printf_percent$$00000009  c_w.l(_printf_d.o)
    0x080001da   0x080001da   0x00000006   Code   RO         6695    .ARM.Collect$$_printf_percent$$0000000A  c_w.l(_printf_u.o)
    0x080001e0   0x080001e0   0x00000006   Code   RO         6693    .ARM.Collect$$_printf_percent$$0000000B  c_w.l(_printf_o.o)
    0x080001e6   0x080001e6   0x00000006   Code   RO         6691    .ARM.Collect$$_printf_percent$$0000000C  c_w.l(_printf_x.o)
    0x080001ec   0x080001ec   0x00000006   Code   RO         6700    .ARM.Collect$$_printf_percent$$0000000D  c_w.l(_printf_lli.o)
    0x080001f2   0x080001f2   0x00000006   Code   RO         6701    .ARM.Collect$$_printf_percent$$0000000E  c_w.l(_printf_lld.o)
    0x080001f8   0x080001f8   0x00000006   Code   RO         6702    .ARM.Collect$$_printf_percent$$0000000F  c_w.l(_printf_llu.o)
    0x080001fe   0x080001fe   0x00000006   Code   RO         6707    .ARM.Collect$$_printf_percent$$00000010  c_w.l(_printf_llo.o)
    0x08000204   0x08000204   0x00000006   Code   RO         6708    .ARM.Collect$$_printf_percent$$00000011  c_w.l(_printf_llx.o)
    0x0800020a   0x0800020a   0x0000000a   Code   RO         6704    .ARM.Collect$$_printf_percent$$00000012  c_w.l(_printf_l.o)
    0x08000214   0x08000214   0x00000006   Code   RO         6688    .ARM.Collect$$_printf_percent$$00000013  c_w.l(_printf_c.o)
    0x0800021a   0x0800021a   0x00000006   Code   RO         6689    .ARM.Collect$$_printf_percent$$00000014  c_w.l(_printf_s.o)
    0x08000220   0x08000220   0x00000006   Code   RO         6705    .ARM.Collect$$_printf_percent$$00000015  c_w.l(_printf_lc.o)
    0x08000226   0x08000226   0x00000006   Code   RO         6706    .ARM.Collect$$_printf_percent$$00000016  c_w.l(_printf_ls.o)
    0x0800022c   0x0800022c   0x00000004   Code   RO         6699    .ARM.Collect$$_printf_percent$$00000017  c_w.l(_printf_percent_end.o)
    0x08000230   0x08000230   0x00000002   Code   RO         6877    .ARM.Collect$$libinit$$00000000  c_w.l(libinit.o)
    0x08000232   0x08000232   0x00000000   Code   RO         6879    .ARM.Collect$$libinit$$00000002  c_w.l(libinit2.o)
    0x08000232   0x08000232   0x00000000   Code   RO         6881    .ARM.Collect$$libinit$$00000004  c_w.l(libinit2.o)
    0x08000232   0x08000232   0x00000000   Code   RO         6884    .ARM.Collect$$libinit$$0000000A  c_w.l(libinit2.o)
    0x08000232   0x08000232   0x00000000   Code   RO         6886    .ARM.Collect$$libinit$$0000000C  c_w.l(libinit2.o)
    0x08000232   0x08000232   0x00000000   Code   RO         6888    .ARM.Collect$$libinit$$0000000E  c_w.l(libinit2.o)
    0x08000232   0x08000232   0x00000006   Code   RO         6889    .ARM.Collect$$libinit$$0000000F  c_w.l(libinit2.o)
    0x08000238   0x08000238   0x00000000   Code   RO         6891    .ARM.Collect$$libinit$$00000011  c_w.l(libinit2.o)
    0x08000238   0x08000238   0x0000000c   Code   RO         6892    .ARM.Collect$$libinit$$00000012  c_w.l(libinit2.o)
    0x08000244   0x08000244   0x00000000   Code   RO         6893    .ARM.Collect$$libinit$$00000013  c_w.l(libinit2.o)
    0x08000244   0x08000244   0x00000000   Code   RO         6895    .ARM.Collect$$libinit$$00000015  c_w.l(libinit2.o)
    0x08000244   0x08000244   0x0000000a   Code   RO         6896    .ARM.Collect$$libinit$$00000016  c_w.l(libinit2.o)
    0x0800024e   0x0800024e   0x00000000   Code   RO         6897    .ARM.Collect$$libinit$$00000017  c_w.l(libinit2.o)
    0x0800024e   0x0800024e   0x00000000   Code   RO         6899    .ARM.Collect$$libinit$$00000019  c_w.l(libinit2.o)
    0x0800024e   0x0800024e   0x00000000   Code   RO         6901    .ARM.Collect$$libinit$$0000001B  c_w.l(libinit2.o)
    0x0800024e   0x0800024e   0x00000000   Code   RO         6903    .ARM.Collect$$libinit$$0000001D  c_w.l(libinit2.o)
    0x0800024e   0x0800024e   0x00000000   Code   RO         6905    .ARM.Collect$$libinit$$0000001F  c_w.l(libinit2.o)
    0x0800024e   0x0800024e   0x00000000   Code   RO         6907    .ARM.Collect$$libinit$$00000021  c_w.l(libinit2.o)
    0x0800024e   0x0800024e   0x00000000   Code   RO         6909    .ARM.Collect$$libinit$$00000023  c_w.l(libinit2.o)
    0x0800024e   0x0800024e   0x00000000   Code   RO         6911    .ARM.Collect$$libinit$$00000025  c_w.l(libinit2.o)
    0x0800024e   0x0800024e   0x00000000   Code   RO         6915    .ARM.Collect$$libinit$$0000002C  c_w.l(libinit2.o)
    0x0800024e   0x0800024e   0x00000000   Code   RO         6917    .ARM.Collect$$libinit$$0000002E  c_w.l(libinit2.o)
    0x0800024e   0x0800024e   0x00000000   Code   RO         6919    .ARM.Collect$$libinit$$00000030  c_w.l(libinit2.o)
    0x0800024e   0x0800024e   0x00000000   Code   RO         6921    .ARM.Collect$$libinit$$00000032  c_w.l(libinit2.o)
    0x0800024e   0x0800024e   0x00000002   Code   RO         6922    .ARM.Collect$$libinit$$00000033  c_w.l(libinit2.o)
    0x08000250   0x08000250   0x00000002   Code   RO         7005    .ARM.Collect$$libshutdown$$00000000  c_w.l(libshutdown.o)
    0x08000252   0x08000252   0x00000000   Code   RO         7028    .ARM.Collect$$libshutdown$$00000002  c_w.l(libshutdown2.o)
    0x08000252   0x08000252   0x00000000   Code   RO         7030    .ARM.Collect$$libshutdown$$00000004  c_w.l(libshutdown2.o)
    0x08000252   0x08000252   0x00000000   Code   RO         7033    .ARM.Collect$$libshutdown$$00000007  c_w.l(libshutdown2.o)
    0x08000252   0x08000252   0x00000000   Code   RO         7036    .ARM.Collect$$libshutdown$$0000000A  c_w.l(libshutdown2.o)
    0x08000252   0x08000252   0x00000000   Code   RO         7038    .ARM.Collect$$libshutdown$$0000000C  c_w.l(libshutdown2.o)
    0x08000252   0x08000252   0x00000000   Code   RO         7041    .ARM.Collect$$libshutdown$$0000000F  c_w.l(libshutdown2.o)
    0x08000252   0x08000252   0x00000002   Code   RO         7042    .ARM.Collect$$libshutdown$$00000010  c_w.l(libshutdown2.o)
    0x08000254   0x08000254   0x00000000   Code   RO         6635    .ARM.Collect$$rtentry$$00000000  c_w.l(__rtentry.o)
    0x08000254   0x08000254   0x00000000   Code   RO         6772    .ARM.Collect$$rtentry$$00000002  c_w.l(__rtentry2.o)
    0x08000254   0x08000254   0x00000006   Code   RO         6784    .ARM.Collect$$rtentry$$00000004  c_w.l(__rtentry4.o)
    0x0800025a   0x0800025a   0x00000000   Code   RO         6774    .ARM.Collect$$rtentry$$00000009  c_w.l(__rtentry2.o)
    0x0800025a   0x0800025a   0x00000004   Code   RO         6775    .ARM.Collect$$rtentry$$0000000A  c_w.l(__rtentry2.o)
    0x0800025e   0x0800025e   0x00000000   Code   RO         6777    .ARM.Collect$$rtentry$$0000000C  c_w.l(__rtentry2.o)
    0x0800025e   0x0800025e   0x00000008   Code   RO         6778    .ARM.Collect$$rtentry$$0000000D  c_w.l(__rtentry2.o)
    0x08000266   0x08000266   0x00000002   Code   RO         6927    .ARM.Collect$$rtexit$$00000000  c_w.l(rtexit.o)
    0x08000268   0x08000268   0x00000000   Code   RO         6957    .ARM.Collect$$rtexit$$00000002  c_w.l(rtexit2.o)
    0x08000268   0x08000268   0x00000004   Code   RO         6958    .ARM.Collect$$rtexit$$00000003  c_w.l(rtexit2.o)
    0x0800026c   0x0800026c   0x00000006   Code   RO         6959    .ARM.Collect$$rtexit$$00000004  c_w.l(rtexit2.o)
    0x08000272   0x08000272   0x00000002   PAD
    0x08000274   0x08000274   0x00000096   Code   RO         6425    .emb_text           port.o
    0x0800030a   0x0800030a   0x00000002   PAD
    0x0800030c   0x0800030c   0x00000040   Code   RO            4    .text               startup_stm32f103xb.o
    0x0800034c   0x0800034c   0x00000048   Code   RO         6506    .text               c_w.l(llsdiv.o)
    0x08000394   0x08000394   0x00000034   Code   RO         6508    .text               c_w.l(vsnprintf.o)
    0x080003c8   0x080003c8   0x0000002c   Code   RO         6510    .text               c_w.l(__2sprintf.o)
    0x080003f4   0x080003f4   0x0000004e   Code   RO         6516    .text               c_w.l(_printf_pad.o)
    0x08000442   0x08000442   0x00000002   PAD
    0x08000444   0x08000444   0x00000078   Code   RO         6518    .text               c_w.l(_printf_dec.o)
    0x080004bc   0x080004bc   0x00000188   Code   RO         6537    .text               c_w.l(__printf_flags_ss_wp.o)
    0x08000644   0x08000644   0x00000058   Code   RO         6543    .text               c_w.l(memcmp.o)
    0x0800069c   0x0800069c   0x00000096   Code   RO         6545    .text               c_w.l(strncmp.o)
    0x08000732   0x08000732   0x0000008a   Code   RO         6547    .text               c_w.l(rt_memcpy_v6.o)
    0x080007bc   0x080007bc   0x00000016   Code   RO         6549    .text               c_w.l(memset.o)
    0x080007d2   0x080007d2   0x00000010   Code   RO         6551    .text               c_w.l(aeabi_memset.o)
    0x080007e2   0x080007e2   0x0000004e   Code   RO         6553    .text               c_w.l(rt_memclr_w.o)
    0x08000830   0x08000830   0x00000080   Code   RO         6555    .text               c_w.l(strcmpv7m.o)
    0x080008b0   0x080008b0   0x00000006   Code   RO         6557    .text               c_w.l(heapauxi.o)
    0x080008b6   0x080008b6   0x000000ee   Code   RO         6636    .text               c_w.l(lludivv7m.o)
    0x080009a4   0x080009a4   0x00000016   Code   RO         6638    .text               c_w.l(_rserrno.o)
    0x080009ba   0x080009ba   0x00000024   Code   RO         6640    .text               c_w.l(_printf_truncate.o)
    0x080009de   0x080009de   0x00000052   Code   RO         6642    .text               c_w.l(_printf_str.o)
    0x08000a30   0x08000a30   0x000000b2   Code   RO         6644    .text               c_w.l(_printf_intcommon.o)
    0x08000ae2   0x08000ae2   0x00000028   Code   RO         6646    .text               c_w.l(_printf_charcount.o)
    0x08000b0a   0x08000b0a   0x0000041e   Code   RO         6648    .text               c_w.l(_printf_fp_dec.o)
    0x08000f28   0x08000f28   0x00000030   Code   RO         6650    .text               c_w.l(_printf_char_common.o)
    0x08000f58   0x08000f58   0x0000000a   Code   RO         6652    .text               c_w.l(_sputc.o)
    0x08000f62   0x08000f62   0x00000010   Code   RO         6654    .text               c_w.l(_snputc.o)
    0x08000f72   0x08000f72   0x00000002   PAD
    0x08000f74   0x08000f74   0x000000bc   Code   RO         6656    .text               c_w.l(_printf_wctomb.o)
    0x08001030   0x08001030   0x0000007c   Code   RO         6659    .text               c_w.l(_printf_longlong_dec.o)
    0x080010ac   0x080010ac   0x00000070   Code   RO         6665    .text               c_w.l(_printf_oct_int_ll.o)
    0x0800111c   0x0800111c   0x00000094   Code   RO         6685    .text               c_w.l(_printf_hex_int_ll_ptr.o)
    0x080011b0   0x080011b0   0x000000a4   Code   RO         6709    .text               c_w.l(strtod.o)
    0x08001254   0x08001254   0x00000064   Code   RO         6711    .text               c_w.l(rt_memcpy_w.o)
    0x080012b8   0x080012b8   0x00000044   Code   RO         6713    .text               c_w.l(rt_memclr.o)
    0x080012fc   0x080012fc   0x00000008   Code   RO         6793    .text               c_w.l(rt_locale_intlibspace.o)
    0x08001304   0x08001304   0x00000008   Code   RO         6798    .text               c_w.l(rt_errno_addr_intlibspace.o)
    0x0800130c   0x0800130c   0x0000008a   Code   RO         6800    .text               c_w.l(lludiv10.o)
    0x08001396   0x08001396   0x00000012   Code   RO         6802    .text               c_w.l(isspace.o)
    0x080013a8   0x080013a8   0x000002fc   Code   RO         6804    .text               c_w.l(_printf_fp_hex.o)
    0x080016a4   0x080016a4   0x00000080   Code   RO         6807    .text               c_w.l(_printf_fp_infnan.o)
    0x08001724   0x08001724   0x0000002c   Code   RO         6811    .text               c_w.l(_printf_char.o)
    0x08001750   0x08001750   0x0000002c   Code   RO         6813    .text               c_w.l(_printf_wchar.o)
    0x0800177c   0x0800177c   0x00000040   Code   RO         6815    .text               c_w.l(_sgetc.o)
    0x080017bc   0x080017bc   0x000000e4   Code   RO         6817    .text               c_w.l(bigflt0.o)
    0x080018a0   0x080018a0   0x00000040   Code   RO         6842    .text               c_w.l(_wcrtomb.o)
    0x080018e0   0x080018e0   0x00000008   Code   RO         6859    .text               c_w.l(libspace.o)
    0x080018e8   0x080018e8   0x0000004a   Code   RO         6862    .text               c_w.l(sys_stackheap_outer.o)
    0x08001932   0x08001932   0x00000002   PAD
    0x08001934   0x08001934   0x00000010   Code   RO         6864    .text               c_w.l(rt_ctype_table.o)
    0x08001944   0x08001944   0x000004f8   Code   RO         6868    .text               c_w.l(scanf_fp.o)
    0x08001e3c   0x08001e3c   0x00000012   Code   RO         6870    .text               c_w.l(exit.o)
    0x08001e4e   0x08001e4e   0x00000002   PAD
    0x08001e50   0x08001e50   0x00000320   Code   RO         6965    .text               c_w.l(scanf_hexfp.o)
    0x08002170   0x08002170   0x00000134   Code   RO         6967    .text               c_w.l(scanf_infnan.o)
    0x080022a4   0x080022a4   0x0000000c   Code   RO         6987    .text               c_w.l(sys_exit.o)
    0x080022b0   0x080022b0   0x00000026   Code   RO         6991    .text               c_w.l(llshl.o)
    0x080022d6   0x080022d6   0x0000001c   Code   RO         6993    .text               c_w.l(_chval.o)
    0x080022f2   0x080022f2   0x00000002   Code   RO         7020    .text               c_w.l(use_no_semi.o)
    0x080022f4   0x080022f4   0x00000000   Code   RO         7022    .text               c_w.l(indicate_semi.o)
    0x080022f4   0x080022f4   0x0000003e   Code   RO         6820    CL$$btod_d2e        c_w.l(btod.o)
    0x08002332   0x08002332   0x00000046   Code   RO         6822    CL$$btod_d2e_denorm_low  c_w.l(btod.o)
    0x08002378   0x08002378   0x00000060   Code   RO         6821    CL$$btod_d2e_norm_op1  c_w.l(btod.o)
    0x080023d8   0x080023d8   0x00000338   Code   RO         6830    CL$$btod_div_common  c_w.l(btod.o)
    0x08002710   0x08002710   0x00000084   Code   RO         6828    CL$$btod_e2d        c_w.l(btod.o)
    0x08002794   0x08002794   0x000000dc   Code   RO         6827    CL$$btod_e2e        c_w.l(btod.o)
    0x08002870   0x08002870   0x0000002a   Code   RO         6824    CL$$btod_ediv       c_w.l(btod.o)
    0x0800289a   0x0800289a   0x0000002a   Code   RO         6826    CL$$btod_edivd      c_w.l(btod.o)
    0x080028c4   0x080028c4   0x0000002a   Code   RO         6823    CL$$btod_emul       c_w.l(btod.o)
    0x080028ee   0x080028ee   0x0000002a   Code   RO         6825    CL$$btod_emuld      c_w.l(btod.o)
    0x08002918   0x08002918   0x00000244   Code   RO         6829    CL$$btod_mult_common  c_w.l(btod.o)
    0x08002b5c   0x08002b5c   0x00000002   Code   RO         1895    i.BusFault_Handler  stm32f1xx_it.o
    0x08002b5e   0x08002b5e   0x0000000a   Code   RO         1610    i.CommTask          freertos.o
    0x08002b68   0x08002b68   0x00000094   Code   RO         1611    i.ControlTask       freertos.o
    0x08002bfc   0x08002bfc   0x0000000c   Code   RO         1120    i.Control_GetMedAngle  control.o
    0x08002c08   0x08002c08   0x0000000c   Code   RO         1121    i.Control_GetMoto1  control.o
    0x08002c14   0x08002c14   0x0000000c   Code   RO         1122    i.Control_GetMoto2  control.o
    0x08002c20   0x08002c20   0x0000000c   Code   RO         1125    i.Control_GetTurnKd  control.o
    0x08002c2c   0x08002c2c   0x0000000c   Code   RO         1126    i.Control_GetTurnKp  control.o
    0x08002c38   0x08002c38   0x0000000c   Code   RO         1128    i.Control_GetVelocityKi  control.o
    0x08002c44   0x08002c44   0x0000000c   Code   RO         1129    i.Control_GetVelocityKp  control.o
    0x08002c50   0x08002c50   0x0000000c   Code   RO         1130    i.Control_GetVelocityOut  control.o
    0x08002c5c   0x08002c5c   0x0000000c   Code   RO         1131    i.Control_GetVerticalKd  control.o
    0x08002c68   0x08002c68   0x0000000c   Code   RO         1132    i.Control_GetVerticalKp  control.o
    0x08002c74   0x08002c74   0x0000000c   Code   RO         1133    i.Control_GetVerticalOut  control.o
    0x08002c80   0x08002c80   0x0000015c   Code   RO         1135    i.Control_Run       control.o
    0x08002ddc   0x08002ddc   0x0000000c   Code   RO         1136    i.Control_SetMedAngle  control.o
    0x08002de8   0x08002de8   0x0000000c   Code   RO         1138    i.Control_SetTurnKd  control.o
    0x08002df4   0x08002df4   0x0000000c   Code   RO         1139    i.Control_SetTurnKp  control.o
    0x08002e00   0x08002e00   0x0000000c   Code   RO         1140    i.Control_SetVelocityKi  control.o
    0x08002e0c   0x08002e0c   0x0000000c   Code   RO         1141    i.Control_SetVelocityKp  control.o
    0x08002e18   0x08002e18   0x0000000c   Code   RO         1142    i.Control_SetVerticalKd  control.o
    0x08002e24   0x08002e24   0x0000000c   Code   RO         1143    i.Control_SetVerticalKp  control.o
    0x08002e30   0x08002e30   0x0000000c   Code   RO         1896    i.DMA1_Channel2_IRQHandler  stm32f1xx_it.o
    0x08002e3c   0x08002e3c   0x0000000c   Code   RO         1897    i.DMA1_Channel3_IRQHandler  stm32f1xx_it.o
    0x08002e48   0x08002e48   0x0000002a   Code   RO         2435    i.DMA_SetConfig     stm32f1xx_hal_dma.o
    0x08002e72   0x08002e72   0x00000002   Code   RO         1898    i.DebugMon_Handler  stm32f1xx_it.o
    0x08002e74   0x08002e74   0x000000a4   Code   RO         1612    i.DisplayTask       freertos.o
    0x08002f18   0x08002f18   0x00000004   Code   RO         1525    i.Error_Handler     main.o
    0x08002f1c   0x08002f1c   0x00000046   Code   RO         2436    i.HAL_DMA_Abort     stm32f1xx_hal_dma.o
    0x08002f62   0x08002f62   0x00000002   PAD
    0x08002f64   0x08002f64   0x00000098   Code   RO         2437    i.HAL_DMA_Abort_IT  stm32f1xx_hal_dma.o
    0x08002ffc   0x08002ffc   0x00000004   Code   RO         2439    i.HAL_DMA_GetError  stm32f1xx_hal_dma.o
    0x08003000   0x08003000   0x00000154   Code   RO         2441    i.HAL_DMA_IRQHandler  stm32f1xx_hal_dma.o
    0x08003154   0x08003154   0x0000005c   Code   RO         2442    i.HAL_DMA_Init      stm32f1xx_hal_dma.o
    0x080031b0   0x080031b0   0x00000070   Code   RO         2446    i.HAL_DMA_Start_IT  stm32f1xx_hal_dma.o
    0x08003220   0x08003220   0x00000024   Code   RO         2062    i.HAL_Delay         stm32f1xx_hal.o
    0x08003244   0x08003244   0x000001e0   Code   RO         2372    i.HAL_GPIO_Init     stm32f1xx_hal_gpio.o
    0x08003424   0x08003424   0x0000000a   Code   RO         2374    i.HAL_GPIO_ReadPin  stm32f1xx_hal_gpio.o
    0x0800342e   0x0800342e   0x0000000a   Code   RO         2376    i.HAL_GPIO_WritePin  stm32f1xx_hal_gpio.o
    0x08003438   0x08003438   0x0000000c   Code   RO         2066    i.HAL_GetTick       stm32f1xx_hal.o
    0x08003444   0x08003444   0x00000188   Code   RO         3043    i.HAL_I2C_Init      stm32f1xx_hal_i2c.o
    0x080035cc   0x080035cc   0x00000130   Code   RO         3064    i.HAL_I2C_Mem_Write  stm32f1xx_hal_i2c.o
    0x080036fc   0x080036fc   0x00000070   Code   RO         1722    i.HAL_I2C_MspInit   i2c.o
    0x0800376c   0x0800376c   0x00000010   Code   RO         2072    i.HAL_IncTick       stm32f1xx_hal.o
    0x0800377c   0x0800377c   0x00000024   Code   RO         2073    i.HAL_Init          stm32f1xx_hal.o
    0x080037a0   0x080037a0   0x00000040   Code   RO         2074    i.HAL_InitTick      stm32f1xx_hal.o
    0x080037e0   0x080037e0   0x00000048   Code   RO         1995    i.HAL_MspInit       stm32f1xx_hal_msp.o
    0x08003828   0x08003828   0x0000001a   Code   RO         2532    i.HAL_NVIC_EnableIRQ  stm32f1xx_hal_cortex.o
    0x08003842   0x08003842   0x00000002   PAD
    0x08003844   0x08003844   0x00000040   Code   RO         2538    i.HAL_NVIC_SetPriority  stm32f1xx_hal_cortex.o
    0x08003884   0x08003884   0x00000024   Code   RO         2539    i.HAL_NVIC_SetPriorityGrouping  stm32f1xx_hal_cortex.o
    0x080038a8   0x080038a8   0x0000012c   Code   RO         2230    i.HAL_RCC_ClockConfig  stm32f1xx_hal_rcc.o
    0x080039d4   0x080039d4   0x00000020   Code   RO         2237    i.HAL_RCC_GetPCLK1Freq  stm32f1xx_hal_rcc.o
    0x080039f4   0x080039f4   0x00000020   Code   RO         2238    i.HAL_RCC_GetPCLK2Freq  stm32f1xx_hal_rcc.o
    0x08003a14   0x08003a14   0x0000004c   Code   RO         2239    i.HAL_RCC_GetSysClockFreq  stm32f1xx_hal_rcc.o
    0x08003a60   0x08003a60   0x00000320   Code   RO         2242    i.HAL_RCC_OscConfig  stm32f1xx_hal_rcc.o
    0x08003d80   0x08003d80   0x00000028   Code   RO         2543    i.HAL_SYSTICK_Config  stm32f1xx_hal_cortex.o
    0x08003da8   0x08003da8   0x00000002   Code   RO         4175    i.HAL_TIMEx_BreakCallback  stm32f1xx_hal_tim_ex.o
    0x08003daa   0x08003daa   0x00000002   Code   RO         4176    i.HAL_TIMEx_CommutCallback  stm32f1xx_hal_tim_ex.o
    0x08003dac   0x08003dac   0x00000054   Code   RO         4178    i.HAL_TIMEx_ConfigBreakDeadTime  stm32f1xx_hal_tim_ex.o
    0x08003e00   0x08003e00   0x00000068   Code   RO         4194    i.HAL_TIMEx_MasterConfigSynchronization  stm32f1xx_hal_tim_ex.o
    0x08003e68   0x08003e68   0x0000005a   Code   RO         3471    i.HAL_TIM_Base_Init  stm32f1xx_hal_tim.o
    0x08003ec2   0x08003ec2   0x00000002   PAD
    0x08003ec4   0x08003ec4   0x00000038   Code   RO         1764    i.HAL_TIM_Base_MspInit  tim.o
    0x08003efc   0x08003efc   0x00000058   Code   RO         3476    i.HAL_TIM_Base_Start_IT  stm32f1xx_hal_tim.o
    0x08003f54   0x08003f54   0x000000dc   Code   RO         3480    i.HAL_TIM_ConfigClockSource  stm32f1xx_hal_tim.o
    0x08004030   0x08004030   0x000000a4   Code   RO         3492    i.HAL_TIM_Encoder_Init  stm32f1xx_hal_tim.o
    0x080040d4   0x080040d4   0x0000008c   Code   RO         1766    i.HAL_TIM_Encoder_MspInit  tim.o
    0x08004160   0x08004160   0x0000008e   Code   RO         3495    i.HAL_TIM_Encoder_Start  stm32f1xx_hal_tim.o
    0x080041ee   0x080041ee   0x00000002   PAD
    0x080041f0   0x080041f0   0x000000ac   Code   RO          938    i.HAL_TIM_IC_CaptureCallback  sr04.o
    0x0800429c   0x0800429c   0x00000124   Code   RO         3507    i.HAL_TIM_IC_ConfigChannel  stm32f1xx_hal_tim.o
    0x080043c0   0x080043c0   0x00000166   Code   RO         3519    i.HAL_TIM_IRQHandler  stm32f1xx_hal_tim.o
    0x08004526   0x08004526   0x00000002   PAD
    0x08004528   0x08004528   0x0000005c   Code   RO         1767    i.HAL_TIM_MspPostInit  tim.o
    0x08004584   0x08004584   0x00000002   Code   RO         3522    i.HAL_TIM_OC_DelayElapsedCallback  stm32f1xx_hal_tim.o
    0x08004586   0x08004586   0x000000cc   Code   RO         3543    i.HAL_TIM_PWM_ConfigChannel  stm32f1xx_hal_tim.o
    0x08004652   0x08004652   0x0000005a   Code   RO         3546    i.HAL_TIM_PWM_Init  stm32f1xx_hal_tim.o
    0x080046ac   0x080046ac   0x00000028   Code   RO         1769    i.HAL_TIM_PWM_MspInit  tim.o
    0x080046d4   0x080046d4   0x00000002   Code   RO         3549    i.HAL_TIM_PWM_PulseFinishedCallback  stm32f1xx_hal_tim.o
    0x080046d6   0x080046d6   0x00000002   PAD
    0x080046d8   0x080046d8   0x0000009c   Code   RO         3551    i.HAL_TIM_PWM_Start  stm32f1xx_hal_tim.o
    0x08004774   0x08004774   0x0000002c   Code   RO         1613    i.HAL_TIM_PeriodElapsedCallback  freertos.o
    0x080047a0   0x080047a0   0x0000002a   Code   RO         3559    i.HAL_TIM_ReadCapturedValue  stm32f1xx_hal_tim.o
    0x080047ca   0x080047ca   0x00000002   Code   RO         3562    i.HAL_TIM_TriggerCallback  stm32f1xx_hal_tim.o
    0x080047cc   0x080047cc   0x0000004e   Code   RO         4452    i.HAL_UARTEx_ReceiveToIdle_DMA  stm32f1xx_hal_uart.o
    0x0800481a   0x0800481a   0x00000002   PAD
    0x0800481c   0x0800481c   0x00000054   Code   RO         1387    i.HAL_UARTEx_RxEventCallback  remote.o
    0x08004870   0x08004870   0x00000094   Code   RO         4457    i.HAL_UART_AbortReceive  stm32f1xx_hal_uart.o
    0x08004904   0x08004904   0x0000004c   Code   RO         1388    i.HAL_UART_ErrorCallback  remote.o
    0x08004950   0x08004950   0x0000000a   Code   RO         4470    i.HAL_UART_GetState  stm32f1xx_hal_uart.o
    0x0800495a   0x0800495a   0x00000002   PAD
    0x0800495c   0x0800495c   0x0000026c   Code   RO         4471    i.HAL_UART_IRQHandler  stm32f1xx_hal_uart.o
    0x08004bc8   0x08004bc8   0x00000064   Code   RO         4472    i.HAL_UART_Init     stm32f1xx_hal_uart.o
    0x08004c2c   0x08004c2c   0x000000e4   Code   RO         1854    i.HAL_UART_MspInit  usart.o
    0x08004d10   0x08004d10   0x00000002   Code   RO         4478    i.HAL_UART_RxCpltCallback  stm32f1xx_hal_uart.o
    0x08004d12   0x08004d12   0x00000002   Code   RO         4479    i.HAL_UART_RxHalfCpltCallback  stm32f1xx_hal_uart.o
    0x08004d14   0x08004d14   0x0000009a   Code   RO         4480    i.HAL_UART_Transmit  stm32f1xx_hal_uart.o
    0x08004dae   0x08004dae   0x00000002   PAD
    0x08004db0   0x08004db0   0x00000078   Code   RO         4481    i.HAL_UART_Transmit_DMA  stm32f1xx_hal_uart.o
    0x08004e28   0x08004e28   0x0000001c   Code   RO         4843    i.HAL_UART_TxCpltCallback  vofa_debug.o
    0x08004e44   0x08004e44   0x00000002   Code   RO         4484    i.HAL_UART_TxHalfCpltCallback  stm32f1xx_hal_uart.o
    0x08004e46   0x08004e46   0x00000002   Code   RO         1899    i.HardFault_Handler  stm32f1xx_it.o
    0x08004e48   0x08004e48   0x0000002e   Code   RO         3086    i.I2C_IsAcknowledgeFailed  stm32f1xx_hal_i2c.o
    0x08004e76   0x08004e76   0x00000002   PAD
    0x08004e78   0x08004e78   0x000000a8   Code   RO         3097    i.I2C_RequestMemoryWrite  stm32f1xx_hal_i2c.o
    0x08004f20   0x08004f20   0x00000056   Code   RO         3101    i.I2C_WaitOnBTFFlagUntilTimeout  stm32f1xx_hal_i2c.o
    0x08004f76   0x08004f76   0x00000002   PAD
    0x08004f78   0x08004f78   0x00000090   Code   RO         3102    i.I2C_WaitOnFlagUntilTimeout  stm32f1xx_hal_i2c.o
    0x08005008   0x08005008   0x000000bc   Code   RO         3103    i.I2C_WaitOnMasterAddressFlagUntilTimeout  stm32f1xx_hal_i2c.o
    0x080050c4   0x080050c4   0x00000056   Code   RO         3105    i.I2C_WaitOnTXEFlagUntilTimeout  stm32f1xx_hal_i2c.o
    0x0800511a   0x0800511a   0x00000002   PAD
    0x0800511c   0x0800511c   0x00000040   Code   RO          217    i.IIC_Ack           iic_1.o
    0x0800515c   0x0800515c   0x0000000c   Code   RO          219    i.IIC_Delay         iic_1.o
    0x08005168   0x08005168   0x0000003c   Code   RO          220    i.IIC_GPIO_Init     iic_1.o
    0x080051a4   0x080051a4   0x00000038   Code   RO          221    i.IIC_NAck          iic_1.o
    0x080051dc   0x080051dc   0x00000058   Code   RO          222    i.IIC_Read_Byte     iic_1.o
    0x08005234   0x08005234   0x0000005c   Code   RO          223    i.IIC_Send_Byte     iic_1.o
    0x08005290   0x08005290   0x00000040   Code   RO          224    i.IIC_Start         iic_1.o
    0x080052d0   0x080052d0   0x00000030   Code   RO          225    i.IIC_Stop          iic_1.o
    0x08005300   0x08005300   0x00000048   Code   RO          226    i.IIC_Wait_Ack      iic_1.o
    0x08005348   0x08005348   0x0000002a   Code   RO         1013    i.Limit             motor.o
    0x08005372   0x08005372   0x00000002   PAD
    0x08005374   0x08005374   0x0000007c   Code   RO         1014    i.Load              motor.o
    0x080053f0   0x080053f0   0x00000032   Code   RO          850    i.MPU_Get_Gyroscope  mpu6050_1.o
    0x08005422   0x08005422   0x00000076   Code   RO          852    i.MPU_Init          mpu6050_1.o
    0x08005498   0x08005498   0x0000003a   Code   RO          853    i.MPU_Read_Byte     mpu6050_1.o
    0x080054d2   0x080054d2   0x00000002   PAD
    0x080054d4   0x080054d4   0x0000006c   Code   RO          854    i.MPU_Read_Len      mpu6050_1.o
    0x08005540   0x08005540   0x0000000a   Code   RO          855    i.MPU_Set_Accel_Fsr  mpu6050_1.o
    0x0800554a   0x0800554a   0x0000000a   Code   RO          856    i.MPU_Set_Gyro_Fsr  mpu6050_1.o
    0x08005554   0x08005554   0x00000030   Code   RO          857    i.MPU_Set_LPF       mpu6050_1.o
    0x08005584   0x08005584   0x0000002e   Code   RO          858    i.MPU_Set_Rate      mpu6050_1.o
    0x080055b2   0x080055b2   0x0000003c   Code   RO          859    i.MPU_Write_Byte    mpu6050_1.o
    0x080055ee   0x080055ee   0x00000052   Code   RO          860    i.MPU_Write_Len     mpu6050_1.o
    0x08005640   0x08005640   0x0000003c   Code   RO         1697    i.MX_DMA_Init       dma.o
    0x0800567c   0x0800567c   0x00000054   Code   RO         1614    i.MX_FREERTOS_Init  freertos.o
    0x080056d0   0x080056d0   0x000000c0   Code   RO         1586    i.MX_GPIO_Init      gpio.o
    0x08005790   0x08005790   0x00000040   Code   RO         1723    i.MX_I2C1_Init      i2c.o
    0x080057d0   0x080057d0   0x000000f0   Code   RO         1770    i.MX_TIM1_Init      tim.o
    0x080058c0   0x080058c0   0x00000068   Code   RO         1771    i.MX_TIM2_Init      tim.o
    0x08005928   0x08005928   0x00000068   Code   RO         1772    i.MX_TIM3_Init      tim.o
    0x08005990   0x08005990   0x0000006c   Code   RO         1773    i.MX_TIM4_Init      tim.o
    0x080059fc   0x080059fc   0x00000038   Code   RO         1855    i.MX_USART3_UART_Init  usart.o
    0x08005a34   0x08005a34   0x00000002   Code   RO         1900    i.MemManage_Handler  stm32f1xx_it.o
    0x08005a36   0x08005a36   0x00000002   Code   RO         1901    i.NMI_Handler       stm32f1xx_it.o
    0x08005a38   0x08005a38   0x00000034   Code   RO           13    i.OLED_Clear        oled.o
    0x08005a6c   0x08005a6c   0x00000010   Code   RO           16    i.OLED_Init         oled.o
    0x08005a7c   0x08005a7c   0x00000022   Code   RO           18    i.OLED_Set_Pos      oled.o
    0x08005a9e   0x08005a9e   0x00000002   PAD
    0x08005aa0   0x08005aa0   0x00000088   Code   RO           20    i.OLED_ShowChar     oled.o
    0x08005b28   0x08005b28   0x00000036   Code   RO           22    i.OLED_ShowString   oled.o
    0x08005b5e   0x08005b5e   0x00000002   PAD
    0x08005b60   0x08005b60   0x00000024   Code   RO           23    i.OLED_WR_CMD       oled.o
    0x08005b84   0x08005b84   0x00000024   Code   RO           24    i.OLED_WR_DATA      oled.o
    0x08005ba8   0x08005ba8   0x0000002c   Code   RO         1082    i.PID_Turn          pid.o
    0x08005bd4   0x08005bd4   0x00000094   Code   RO         1083    i.PID_Velocity      pid.o
    0x08005c68   0x08005c68   0x00000010   Code   RO         1084    i.PID_Velocity_Reset  pid.o
    0x08005c78   0x08005c78   0x00000032   Code   RO         1085    i.PID_Vertical      pid.o
    0x08005caa   0x08005caa   0x0000000c   Code   RO         1058    i.Read_Speed        encoder.o
    0x08005cb6   0x08005cb6   0x00000002   PAD
    0x08005cb8   0x08005cb8   0x00000040   Code   RO         1389    i.Remote_Init       remote.o
    0x08005cf8   0x08005cf8   0x0000000c   Code   RO         1390    i.Remote_IsBackward  remote.o
    0x08005d04   0x08005d04   0x0000000c   Code   RO         1391    i.Remote_IsForward  remote.o
    0x08005d10   0x08005d10   0x0000000c   Code   RO         1392    i.Remote_IsLeft     remote.o
    0x08005d1c   0x08005d1c   0x0000000c   Code   RO         1393    i.Remote_IsRight    remote.o
    0x08005d28   0x08005d28   0x00000044   Code   RO         1394    i.Remote_ParseByte  remote.o
    0x08005d6c   0x08005d6c   0x000002a4   Code   RO         1395    i.Remote_ParseLine  remote.o
    0x08006010   0x08006010   0x00000050   Code   RO         1396    i.Remote_ProcessByte  remote.o
    0x08006060   0x08006060   0x0000004c   Code   RO         1397    i.Remote_SendReply  remote.o
    0x080060ac   0x080060ac   0x00000030   Code   RO         1398    i.Remote_TaskHandler  remote.o
    0x080060dc   0x080060dc   0x00000014   Code   RO          943    i.SR04_OnTimerUpdate  sr04.o
    0x080060f0   0x080060f0   0x00000034   Code   RO          944    i.SR04_Rearm        sr04.o
    0x08006124   0x08006124   0x0000000c   Code   RO         1294    i.Sensor_GetEncoderLeft  sensor.o
    0x08006130   0x08006130   0x0000000c   Code   RO         1295    i.Sensor_GetEncoderRight  sensor.o
    0x0800613c   0x0800613c   0x0000000c   Code   RO         1296    i.Sensor_GetGyroX   sensor.o
    0x08006148   0x08006148   0x0000000c   Code   RO         1297    i.Sensor_GetGyroY   sensor.o
    0x08006154   0x08006154   0x0000000c   Code   RO         1298    i.Sensor_GetGyroZ   sensor.o
    0x08006160   0x08006160   0x0000000c   Code   RO         1299    i.Sensor_GetRoll    sensor.o
    0x0800616c   0x0800616c   0x0000000c   Code   RO         1300    i.Sensor_GetRollDiff  sensor.o
    0x08006178   0x08006178   0x00000028   Code   RO         1301    i.Sensor_Init       sensor.o
    0x080061a0   0x080061a0   0x00000070   Code   RO         1302    i.Sensor_Update     sensor.o
    0x08006210   0x08006210   0x00000008   Code   RO         1615    i.StartDefaultTask  freertos.o
    0x08006218   0x08006218   0x0000002a   Code   RO         1015    i.Stop              motor.o
    0x08006242   0x08006242   0x00000018   Code   RO         1902    i.SysTick_Handler   stm32f1xx_it.o
    0x0800625a   0x0800625a   0x0000005e   Code   RO         1526    i.SystemClock_Config  main.o
    0x080062b8   0x080062b8   0x00000002   Code   RO         4806    i.SystemInit        system_stm32f1xx.o
    0x080062ba   0x080062ba   0x00000002   PAD
    0x080062bc   0x080062bc   0x0000000c   Code   RO         1903    i.TIM1_CC_IRQHandler  stm32f1xx_it.o
    0x080062c8   0x080062c8   0x0000000c   Code   RO         1904    i.TIM1_UP_IRQHandler  stm32f1xx_it.o
    0x080062d4   0x080062d4   0x0000000c   Code   RO         1905    i.TIM3_IRQHandler   stm32f1xx_it.o
    0x080062e0   0x080062e0   0x0000006c   Code   RO         3564    i.TIM_Base_SetConfig  stm32f1xx_hal_tim.o
    0x0800634c   0x0800634c   0x0000001a   Code   RO         3565    i.TIM_CCxChannelCmd  stm32f1xx_hal_tim.o
    0x08006366   0x08006366   0x00000014   Code   RO         3575    i.TIM_ETR_SetConfig  stm32f1xx_hal_tim.o
    0x0800637a   0x0800637a   0x00000010   Code   RO         3576    i.TIM_ITRx_SetConfig  stm32f1xx_hal_tim.o
    0x0800638a   0x0800638a   0x00000002   PAD
    0x0800638c   0x0800638c   0x00000050   Code   RO         3577    i.TIM_OC1_SetConfig  stm32f1xx_hal_tim.o
    0x080063dc   0x080063dc   0x00000058   Code   RO         3578    i.TIM_OC2_SetConfig  stm32f1xx_hal_tim.o
    0x08006434   0x08006434   0x00000058   Code   RO         3579    i.TIM_OC3_SetConfig  stm32f1xx_hal_tim.o
    0x0800648c   0x0800648c   0x00000044   Code   RO         3580    i.TIM_OC4_SetConfig  stm32f1xx_hal_tim.o
    0x080064d0   0x080064d0   0x00000022   Code   RO         3582    i.TIM_TI1_ConfigInputStage  stm32f1xx_hal_tim.o
    0x080064f2   0x080064f2   0x00000002   PAD
    0x080064f4   0x080064f4   0x00000058   Code   RO         3583    i.TIM_TI1_SetConfig  stm32f1xx_hal_tim.o
    0x0800654c   0x0800654c   0x00000024   Code   RO         3584    i.TIM_TI2_ConfigInputStage  stm32f1xx_hal_tim.o
    0x08006570   0x08006570   0x00000036   Code   RO         3585    i.TIM_TI2_SetConfig  stm32f1xx_hal_tim.o
    0x080065a6   0x080065a6   0x00000010   Code   RO         4485    i.UART_DMAAbortOnError  stm32f1xx_hal_uart.o
    0x080065b6   0x080065b6   0x0000004a   Code   RO         4486    i.UART_DMAError     stm32f1xx_hal_uart.o
    0x08006600   0x08006600   0x00000086   Code   RO         4487    i.UART_DMAReceiveCplt  stm32f1xx_hal_uart.o
    0x08006686   0x08006686   0x0000001e   Code   RO         4489    i.UART_DMARxHalfCplt  stm32f1xx_hal_uart.o
    0x080066a4   0x080066a4   0x00000042   Code   RO         4491    i.UART_DMATransmitCplt  stm32f1xx_hal_uart.o
    0x080066e6   0x080066e6   0x0000000a   Code   RO         4493    i.UART_DMATxHalfCplt  stm32f1xx_hal_uart.o
    0x080066f0   0x080066f0   0x0000004e   Code   RO         4495    i.UART_EndRxTransfer  stm32f1xx_hal_uart.o
    0x0800673e   0x0800673e   0x0000001c   Code   RO         4496    i.UART_EndTxTransfer  stm32f1xx_hal_uart.o
    0x0800675a   0x0800675a   0x000000c2   Code   RO         4497    i.UART_Receive_IT   stm32f1xx_hal_uart.o
    0x0800681c   0x0800681c   0x000000b8   Code   RO         4498    i.UART_SetConfig    stm32f1xx_hal_uart.o
    0x080068d4   0x080068d4   0x00000090   Code   RO         4499    i.UART_Start_Receive_DMA  stm32f1xx_hal_uart.o
    0x08006964   0x08006964   0x00000078   Code   RO         4501    i.UART_WaitOnFlagUntilTimeout  stm32f1xx_hal_uart.o
    0x080069dc   0x080069dc   0x0000000c   Code   RO         1906    i.USART3_IRQHandler  stm32f1xx_it.o
    0x080069e8   0x080069e8   0x00000002   Code   RO         1907    i.UsageFault_Handler  stm32f1xx_it.o
    0x080069ea   0x080069ea   0x00000002   PAD
    0x080069ec   0x080069ec   0x0000001c   Code   RO         4844    i.Vofa_FillBuffer   vofa_debug.o
    0x08006a08   0x08006a08   0x00000020   Code   RO         4845    i.Vofa_Init         vofa_debug.o
    0x08006a28   0x08006a28   0x00000084   Code   RO         4846    i.Vofa_SendFrame    vofa_debug.o
    0x08006aac   0x08006aac   0x00000034   Code   RO           25    i.WriteCmd          oled.o
    0x08006ae0   0x08006ae0   0x00000028   Code   RO         6758    i.__ARM_fpclassify  m_ws.l(fpclassify.o)
    0x08006b08   0x08006b08   0x00000020   Code   RO         2545    i.__NVIC_SetPriority  stm32f1xx_hal_cortex.o
    0x08006b28   0x08006b28   0x000000aa   Code   RO         6760    i.__kernel_poly     m_ws.l(poly.o)
    0x08006bd2   0x08006bd2   0x00000006   Code   RO         6745    i.__mathlib_dbl_infnan  m_ws.l(dunder.o)
    0x08006bd8   0x08006bd8   0x00000004   Code   RO         6746    i.__mathlib_dbl_infnan2  m_ws.l(dunder.o)
    0x08006bdc   0x08006bdc   0x0000000c   Code   RO         6747    i.__mathlib_dbl_invalid  m_ws.l(dunder.o)
    0x08006be8   0x08006be8   0x0000000e   Code   RO         6748    i.__mathlib_dbl_overflow  m_ws.l(dunder.o)
    0x08006bf6   0x08006bf6   0x00000002   PAD
    0x08006bf8   0x08006bf8   0x00000010   Code   RO         6750    i.__mathlib_dbl_underflow  m_ws.l(dunder.o)
    0x08006c08   0x08006c08   0x00000010   Code   RO         6950    i.__mathlib_narrow  m_ws.l(narrow.o)
    0x08006c18   0x08006c18   0x000000bc   Code   RO         6951    i.__mathlib_tofloat  m_ws.l(narrow.o)
    0x08006cd4   0x08006cd4   0x00000016   Code   RO         7007    i.__support_ldexp   m_ws.l(ldexp.o)
    0x08006cea   0x08006cea   0x0000000e   Code   RO         6530    i._is_digit         c_w.l(__printf_wp.o)
    0x08006cf8   0x08006cf8   0x00000008   Code   RO         1016    i.abs_val           motor.o
    0x08006d00   0x08006d00   0x00000080   Code   RO          300    i.accel_self_test   inv_mpu_1.o
    0x08006d80   0x08006d80   0x00000270   Code   RO         6614    i.asin              m_ws.l(asin.o)
    0x08006ff0   0x08006ff0   0x00000220   Code   RO         6735    i.atan              m_ws.l(atan.o)
    0x08007210   0x08007210   0x00000180   Code   RO         6624    i.atan2             m_ws.l(atan2.o)
    0x08007390   0x08007390   0x0000002a   Code   RO         6632    i.atof              m_ws.l(atof.o)
    0x080073ba   0x080073ba   0x0000003a   Code   RO          660    i.dmp_enable_6x_lp_quat  inv_mpu_dmp_motion_driver_1.o
    0x080073f4   0x080073f4   0x000001d8   Code   RO          661    i.dmp_enable_feature  inv_mpu_dmp_motion_driver_1.o
    0x080075cc   0x080075cc   0x0000003c   Code   RO          662    i.dmp_enable_gyro_cal  inv_mpu_dmp_motion_driver_1.o
    0x08007608   0x08007608   0x0000003a   Code   RO          663    i.dmp_enable_lp_quat  inv_mpu_dmp_motion_driver_1.o
    0x08007642   0x08007642   0x00000002   PAD
    0x08007644   0x08007644   0x00000014   Code   RO          668    i.dmp_load_motion_driver_firmware  inv_mpu_dmp_motion_driver_1.o
    0x08007658   0x08007658   0x00000144   Code   RO          669    i.dmp_read_fifo     inv_mpu_dmp_motion_driver_1.o
    0x0800779c   0x0800779c   0x000000d8   Code   RO          672    i.dmp_set_accel_bias  inv_mpu_dmp_motion_driver_1.o
    0x08007874   0x08007874   0x00000064   Code   RO          673    i.dmp_set_fifo_rate  inv_mpu_dmp_motion_driver_1.o
    0x080078d8   0x080078d8   0x000000cc   Code   RO          674    i.dmp_set_gyro_bias  inv_mpu_dmp_motion_driver_1.o
    0x080079a4   0x080079a4   0x0000010c   Code   RO          676    i.dmp_set_orientation  inv_mpu_dmp_motion_driver_1.o
    0x08007ab0   0x08007ab0   0x00000030   Code   RO          679    i.dmp_set_shake_reject_thresh  inv_mpu_dmp_motion_driver_1.o
    0x08007ae0   0x08007ae0   0x00000020   Code   RO          680    i.dmp_set_shake_reject_time  inv_mpu_dmp_motion_driver_1.o
    0x08007b00   0x08007b00   0x00000020   Code   RO          681    i.dmp_set_shake_reject_timeout  inv_mpu_dmp_motion_driver_1.o
    0x08007b20   0x08007b20   0x00000040   Code   RO          682    i.dmp_set_tap_axes  inv_mpu_dmp_motion_driver_1.o
    0x08007b60   0x08007b60   0x00000022   Code   RO          683    i.dmp_set_tap_count  inv_mpu_dmp_motion_driver_1.o
    0x08007b82   0x08007b82   0x00000002   PAD
    0x08007b84   0x08007b84   0x00000128   Code   RO          684    i.dmp_set_tap_thresh  inv_mpu_dmp_motion_driver_1.o
    0x08007cac   0x08007cac   0x00000020   Code   RO          685    i.dmp_set_tap_time  inv_mpu_dmp_motion_driver_1.o
    0x08007ccc   0x08007ccc   0x00000020   Code   RO          686    i.dmp_set_tap_time_multi  inv_mpu_dmp_motion_driver_1.o
    0x08007cec   0x08007cec   0x00000058   Code   RO         6982    i.frexp             m_ws.l(frexp.o)
    0x08007d44   0x08007d44   0x000000ac   Code   RO          301    i.get_accel_prod_shift  inv_mpu_1.o
    0x08007df0   0x08007df0   0x00000314   Code   RO          302    i.get_st_biases     inv_mpu_1.o
    0x08008104   0x08008104   0x000000d4   Code   RO          303    i.gyro_self_test    inv_mpu_1.o
    0x080081d8   0x080081d8   0x00000022   Code   RO          304    i.inv_orientation_matrix_to_scalar  inv_mpu_1.o
    0x080081fa   0x080081fa   0x00000048   Code   RO          305    i.inv_row_2_scale   inv_mpu_1.o
    0x08008242   0x08008242   0x00000074   Code   RO         7008    i.ldexp             m_ws.l(ldexp.o)
    0x080082b6   0x080082b6   0x00000002   PAD
    0x080082b8   0x080082b8   0x00000090   Code   RO         1527    i.main              main.o
    0x08008348   0x08008348   0x00000002   Code   RO          306    i.mget_ms           inv_mpu_1.o
    0x0800834a   0x0800834a   0x00000002   PAD
    0x0800834c   0x0800834c   0x00000054   Code   RO          307    i.mpu_configure_fifo  inv_mpu_1.o
    0x080083a0   0x080083a0   0x0000019c   Code   RO          308    i.mpu_dmp_get_data  inv_mpu_1.o
    0x0800853c   0x0800853c   0x0000009c   Code   RO          309    i.mpu_dmp_init      inv_mpu_1.o
    0x080085d8   0x080085d8   0x0000003c   Code   RO          310    i.mpu_get_accel_fsr  inv_mpu_1.o
    0x08008614   0x08008614   0x00000044   Code   RO          312    i.mpu_get_accel_sens  inv_mpu_1.o
    0x08008658   0x08008658   0x00000034   Code   RO          318    i.mpu_get_gyro_fsr  inv_mpu_1.o
    0x0800868c   0x0800868c   0x00000040   Code   RO          320    i.mpu_get_gyro_sens  inv_mpu_1.o
    0x080086cc   0x080086cc   0x00000038   Code   RO          322    i.mpu_get_lpf       inv_mpu_1.o
    0x08008704   0x08008704   0x0000001c   Code   RO          324    i.mpu_get_sample_rate  inv_mpu_1.o
    0x08008720   0x08008720   0x00000124   Code   RO          326    i.mpu_init          inv_mpu_1.o
    0x08008844   0x08008844   0x000000a0   Code   RO          327    i.mpu_load_firmware  inv_mpu_1.o
    0x080088e4   0x080088e4   0x000000b8   Code   RO          328    i.mpu_lp_accel_mode  inv_mpu_1.o
    0x0800899c   0x0800899c   0x00000090   Code   RO          331    i.mpu_read_fifo_stream  inv_mpu_1.o
    0x08008a2c   0x08008a2c   0x00000054   Code   RO          332    i.mpu_read_mem      inv_mpu_1.o
    0x08008a80   0x08008a80   0x00000160   Code   RO          335    i.mpu_reset_fifo    inv_mpu_1.o
    0x08008be0   0x08008be0   0x000000f0   Code   RO          336    i.mpu_run_self_test  inv_mpu_1.o
    0x08008cd0   0x08008cd0   0x00000068   Code   RO          338    i.mpu_set_accel_fsr  inv_mpu_1.o
    0x08008d38   0x08008d38   0x000000dc   Code   RO          339    i.mpu_set_bypass    inv_mpu_1.o
    0x08008e14   0x08008e14   0x00000078   Code   RO          341    i.mpu_set_dmp_state  inv_mpu_1.o
    0x08008e8c   0x08008e8c   0x0000006c   Code   RO          342    i.mpu_set_gyro_fsr  inv_mpu_1.o
    0x08008ef8   0x08008ef8   0x00000064   Code   RO          343    i.mpu_set_int_latched  inv_mpu_1.o
    0x08008f5c   0x08008f5c   0x0000006c   Code   RO          345    i.mpu_set_lpf       inv_mpu_1.o
    0x08008fc8   0x08008fc8   0x00000080   Code   RO          346    i.mpu_set_sample_rate  inv_mpu_1.o
    0x08009048   0x08009048   0x000000b8   Code   RO          347    i.mpu_set_sensors   inv_mpu_1.o
    0x08009100   0x08009100   0x00000054   Code   RO          348    i.mpu_write_mem     inv_mpu_1.o
    0x08009154   0x08009154   0x00000034   Code   RO         5955    i.osDelay           cmsis_os2.o
    0x08009188   0x08009188   0x00000038   Code   RO         5969    i.osKernelInitialize  cmsis_os2.o
    0x080091c0   0x080091c0   0x00000040   Code   RO         5972    i.osKernelStart     cmsis_os2.o
    0x08009200   0x08009200   0x0000008c   Code   RO         5997    i.osThreadFlagsSet  cmsis_os2.o
    0x0800928c   0x0800928c   0x000000b0   Code   RO         5998    i.osThreadFlagsWait  cmsis_os2.o
    0x0800933c   0x0800933c   0x000000a4   Code   RO         6006    i.osThreadNew       cmsis_os2.o
    0x080093e0   0x080093e0   0x0000005c   Code   RO         5460    i.prvAddCurrentTaskToDelayedList  tasks.o
    0x0800943c   0x0800943c   0x000000d0   Code   RO         5461    i.prvAddNewTaskToReadyList  tasks.o
    0x0800950c   0x0800950c   0x00000012   Code   RO         5302    i.prvBytesInBuffer  stream_buffer.o
    0x0800951e   0x0800951e   0x00000002   PAD
    0x08009520   0x08009520   0x00000058   Code   RO         5810    i.prvCheckForValidListAndQueue  timers.o
    0x08009578   0x08009578   0x00000026   Code   RO         5066    i.prvCopyDataFromQueue  queue.o
    0x0800959e   0x0800959e   0x0000006c   Code   RO         5067    i.prvCopyDataToQueue  queue.o
    0x0800960a   0x0800960a   0x00000034   Code   RO         5462    i.prvDeleteTCB      tasks.o
    0x0800963e   0x0800963e   0x00000002   PAD
    0x08009640   0x08009640   0x0000004c   Code   RO         6376    i.prvHeapInit       heap_4.o
    0x0800968c   0x0800968c   0x00000060   Code   RO         5463    i.prvIdleTask       tasks.o
    0x080096ec   0x080096ec   0x00000022   Code   RO         5069    i.prvInitialiseNewQueue  queue.o
    0x0800970e   0x0800970e   0x0000004c   Code   RO         5303    i.prvInitialiseNewStreamBuffer  stream_buffer.o
    0x0800975a   0x0800975a   0x0000009c   Code   RO         5464    i.prvInitialiseNewTask  tasks.o
    0x080097f6   0x080097f6   0x00000002   PAD
    0x080097f8   0x080097f8   0x0000004c   Code   RO         6377    i.prvInsertBlockIntoFreeList  heap_4.o
    0x08009844   0x08009844   0x00000038   Code   RO         5812    i.prvInsertTimerInActiveList  timers.o
    0x0800987c   0x0800987c   0x0000001c   Code   RO         5070    i.prvIsQueueEmpty   queue.o
    0x08009898   0x08009898   0x000000cc   Code   RO         5813    i.prvProcessReceivedCommands  timers.o
    0x08009964   0x08009964   0x000000b4   Code   RO         5814    i.prvProcessTimerOrBlockTask  timers.o
    0x08009a18   0x08009a18   0x0000008c   Code   RO         5304    i.prvReadBytesFromBuffer  stream_buffer.o
    0x08009aa4   0x08009aa4   0x00000042   Code   RO         5305    i.prvReadMessageFromBuffer  stream_buffer.o
    0x08009ae6   0x08009ae6   0x00000002   PAD
    0x08009ae8   0x08009ae8   0x00000020   Code   RO         5466    i.prvResetNextTaskUnblockTime  tasks.o
    0x08009b08   0x08009b08   0x00000028   Code   RO         5815    i.prvSampleTimeNow  timers.o
    0x08009b30   0x08009b30   0x0000006c   Code   RO         5816    i.prvSwitchTimerLists  timers.o
    0x08009b9c   0x08009b9c   0x00000028   Code   RO         6426    i.prvTaskExitError  port.o
    0x08009bc4   0x08009bc4   0x00000024   Code   RO         5817    i.prvTimerTask      timers.o
    0x08009be8   0x08009be8   0x0000006a   Code   RO         5071    i.prvUnlockQueue    queue.o
    0x08009c52   0x08009c52   0x00000082   Code   RO         5306    i.prvWriteBytesToBuffer  stream_buffer.o
    0x08009cd4   0x08009cd4   0x0000003c   Code   RO         5307    i.prvWriteMessageToBuffer  stream_buffer.o
    0x08009d10   0x08009d10   0x000000d8   Code   RO         6378    i.pvPortMalloc      heap_4.o
    0x08009de8   0x08009de8   0x00000024   Code   RO         6427    i.pxPortInitialiseStack  port.o
    0x08009e0c   0x08009e0c   0x00000080   Code   RO          349    i.run_self_test     inv_mpu_1.o
    0x08009e8c   0x08009e8c   0x00000058   Code   RO          350    i.set_int_enable    inv_mpu_1.o
    0x08009ee4   0x08009ee4   0x0000004c   Code   RO         6764    i.sqrt              m_ws.l(sqrt.o)
    0x08009f30   0x08009f30   0x00000026   Code   RO         5026    i.uxListRemove      list.o
    0x08009f56   0x08009f56   0x00000002   PAD
    0x08009f58   0x08009f58   0x00000014   Code   RO         6018    i.vApplicationGetIdleTaskMemory  cmsis_os2.o
    0x08009f6c   0x08009f6c   0x00000018   Code   RO         6019    i.vApplicationGetTimerTaskMemory  cmsis_os2.o
    0x08009f84   0x08009f84   0x00000016   Code   RO         5027    i.vListInitialise   list.o
    0x08009f9a   0x08009f9a   0x00000006   Code   RO         5028    i.vListInitialiseItem  list.o
    0x08009fa0   0x08009fa0   0x00000030   Code   RO         5029    i.vListInsert       list.o
    0x08009fd0   0x08009fd0   0x00000018   Code   RO         5030    i.vListInsertEnd    list.o
    0x08009fe8   0x08009fe8   0x00000040   Code   RO         6429    i.vPortEnterCritical  port.o
    0x0800a028   0x0800a028   0x00000028   Code   RO         6430    i.vPortExitCritical  port.o
    0x0800a050   0x0800a050   0x0000005c   Code   RO         6379    i.vPortFree         heap_4.o
    0x0800a0ac   0x0800a0ac   0x00000024   Code   RO         6431    i.vPortSetupTimerInterrupt  port.o
    0x0800a0d0   0x0800a0d0   0x00000054   Code   RO         6432    i.vPortValidateInterruptPriority  port.o
    0x0800a124   0x0800a124   0x00000028   Code   RO         5077    i.vQueueAddToRegistry  queue.o
    0x0800a14c   0x0800a14c   0x00000044   Code   RO         5081    i.vQueueWaitForMessageRestricted  queue.o
    0x0800a190   0x0800a190   0x0000004c   Code   RO         5478    i.vTaskDelay        tasks.o
    0x0800a1dc   0x0800a1dc   0x00000010   Code   RO         5483    i.vTaskInternalSetTimeOutState  tasks.o
    0x0800a1ec   0x0800a1ec   0x0000000c   Code   RO         5484    i.vTaskMissedYield  tasks.o
    0x0800a1f8   0x0800a1f8   0x00000030   Code   RO         5486    i.vTaskPlaceOnEventList  tasks.o
    0x0800a228   0x0800a228   0x00000038   Code   RO         5487    i.vTaskPlaceOnEventListRestricted  tasks.o
    0x0800a260   0x0800a260   0x00000088   Code   RO         5495    i.vTaskStartScheduler  tasks.o
    0x0800a2e8   0x0800a2e8   0x00000010   Code   RO         5497    i.vTaskSuspendAll   tasks.o
    0x0800a2f8   0x0800a2f8   0x00000064   Code   RO         5498    i.vTaskSwitchContext  tasks.o
    0x0800a35c   0x0800a35c   0x000000a8   Code   RO         6433    i.xPortStartScheduler  port.o
    0x0800a404   0x0800a404   0x0000002c   Code   RO         6434    i.xPortSysTickHandler  port.o
    0x0800a430   0x0800a430   0x00000066   Code   RO         5087    i.xQueueGenericCreateStatic  queue.o
    0x0800a496   0x0800a496   0x00000002   PAD
    0x0800a498   0x0800a498   0x00000088   Code   RO         5088    i.xQueueGenericReset  queue.o
    0x0800a520   0x0800a520   0x00000160   Code   RO         5089    i.xQueueGenericSend  queue.o
    0x0800a680   0x0800a680   0x000000bc   Code   RO         5090    i.xQueueGenericSendFromISR  queue.o
    0x0800a73c   0x0800a73c   0x00000138   Code   RO         5099    i.xQueueReceive     queue.o
    0x0800a874   0x0800a874   0x00000052   Code   RO         5313    i.xStreamBufferGenericCreate  stream_buffer.o
    0x0800a8c6   0x0800a8c6   0x000000d4   Code   RO         5317    i.xStreamBufferReceive  stream_buffer.o
    0x0800a99a   0x0800a99a   0x0000008e   Code   RO         5323    i.xStreamBufferSendFromISR  stream_buffer.o
    0x0800aa28   0x0800aa28   0x00000026   Code   RO         5325    i.xStreamBufferSpacesAvailable  stream_buffer.o
    0x0800aa4e   0x0800aa4e   0x00000002   PAD
    0x0800aa50   0x0800aa50   0x00000074   Code   RO         5499    i.xTaskCheckForTimeOut  tasks.o
    0x0800aac4   0x0800aac4   0x0000005a   Code   RO         5500    i.xTaskCreate       tasks.o
    0x0800ab1e   0x0800ab1e   0x00000056   Code   RO         5501    i.xTaskCreateStatic  tasks.o
    0x0800ab74   0x0800ab74   0x000000c8   Code   RO         5502    i.xTaskGenericNotify  tasks.o
    0x0800ac3c   0x0800ac3c   0x000000f0   Code   RO         5503    i.xTaskGenericNotifyFromISR  tasks.o
    0x0800ad2c   0x0800ad2c   0x0000000c   Code   RO         5504    i.xTaskGetCurrentTaskHandle  tasks.o
    0x0800ad38   0x0800ad38   0x0000001c   Code   RO         5505    i.xTaskGetSchedulerState  tasks.o
    0x0800ad54   0x0800ad54   0x0000000c   Code   RO         5506    i.xTaskGetTickCount  tasks.o
    0x0800ad60   0x0800ad60   0x000000c8   Code   RO         5508    i.xTaskIncrementTick  tasks.o
    0x0800ae28   0x0800ae28   0x00000034   Code   RO         5509    i.xTaskNotifyStateClear  tasks.o
    0x0800ae5c   0x0800ae5c   0x0000008c   Code   RO         5510    i.xTaskNotifyWait   tasks.o
    0x0800aee8   0x0800aee8   0x00000080   Code   RO         5511    i.xTaskPriorityDisinherit  tasks.o
    0x0800af68   0x0800af68   0x00000070   Code   RO         5513    i.xTaskRemoveFromEventList  tasks.o
    0x0800afd8   0x0800afd8   0x000000c4   Code   RO         5514    i.xTaskResumeAll    tasks.o
    0x0800b09c   0x0800b09c   0x00000060   Code   RO         5824    i.xTimerCreateTimerTask  timers.o
    0x0800b0fc   0x0800b0fc   0x00000068   Code   RO         5825    i.xTimerGenericCommand  timers.o
    0x0800b164   0x0800b164   0x0000002c   Code   RO         6845    locale$$code        c_w.l(lc_numeric_c.o)
    0x0800b190   0x0800b190   0x0000002c   Code   RO         6930    locale$$code        c_w.l(lc_ctype_c.o)
    0x0800b1bc   0x0800b1bc   0x00000062   Code   RO         6561    x$fpl$d2f           fz_ws.l(d2f.o)
    0x0800b21e   0x0800b21e   0x00000002   PAD
    0x0800b220   0x0800b220   0x00000150   Code   RO         6563    x$fpl$dadd          fz_ws.l(daddsub_clz.o)
    0x0800b370   0x0800b370   0x00000010   Code   RO         6847    x$fpl$dcheck1       fz_ws.l(dcheck1.o)
    0x0800b380   0x0800b380   0x00000018   Code   RO         6923    x$fpl$dcmpinf       fz_ws.l(dcmpi.o)
    0x0800b398   0x0800b398   0x000002b0   Code   RO         6570    x$fpl$ddiv          fz_ws.l(ddiv.o)
    0x0800b648   0x0800b648   0x00000078   Code   RO         6977    x$fpl$deqf          fz_ws.l(deqf.o)
    0x0800b6c0   0x0800b6c0   0x00000078   Code   RO         6849    x$fpl$dleqf         fz_ws.l(dleqf.o)
    0x0800b738   0x0800b738   0x00000154   Code   RO         6579    x$fpl$dmul          fz_ws.l(dmul.o)
    0x0800b88c   0x0800b88c   0x0000009c   Code   RO         6715    x$fpl$dnaninf       fz_ws.l(dnaninf.o)
    0x0800b928   0x0800b928   0x0000000c   Code   RO         6717    x$fpl$dretinf       fz_ws.l(dretinf.o)
    0x0800b934   0x0800b934   0x0000006c   Code   RO         6979    x$fpl$drleqf        fz_ws.l(drleqf.o)
    0x0800b9a0   0x0800b9a0   0x00000016   Code   RO         6564    x$fpl$drsb          fz_ws.l(daddsub_clz.o)
    0x0800b9b6   0x0800b9b6   0x00000002   PAD
    0x0800b9b8   0x0800b9b8   0x000001cc   Code   RO         6851    x$fpl$dsqrt         fz_ws.l(dsqrt_noumaal.o)
    0x0800bb84   0x0800bb84   0x000001d4   Code   RO         6565    x$fpl$dsub          fz_ws.l(daddsub_clz.o)
    0x0800bd58   0x0800bd58   0x00000056   Code   RO         6581    x$fpl$f2d           fz_ws.l(f2d.o)
    0x0800bdae   0x0800bdae   0x00000002   PAD
    0x0800bdb0   0x0800bdb0   0x000000c4   Code   RO         6583    x$fpl$fadd          fz_ws.l(faddsub_clz.o)
    0x0800be74   0x0800be74   0x0000000c   Code   RO         6719    x$fpl$fcheck1       fz_ws.l(fcheck1.o)
    0x0800be80   0x0800be80   0x00000184   Code   RO         6590    x$fpl$fdiv          fz_ws.l(fdiv.o)
    0x0800c004   0x0800c004   0x00000036   Code   RO         6593    x$fpl$ffix          fz_ws.l(ffix.o)
    0x0800c03a   0x0800c03a   0x00000002   PAD
    0x0800c03c   0x0800c03c   0x0000003e   Code   RO         6597    x$fpl$ffixu         fz_ws.l(ffixu.o)
    0x0800c07a   0x0800c07a   0x00000002   PAD
    0x0800c07c   0x0800c07c   0x00000030   Code   RO         6602    x$fpl$fflt          fz_ws.l(fflt_clz.o)
    0x0800c0ac   0x0800c0ac   0x00000026   Code   RO         6601    x$fpl$ffltu         fz_ws.l(fflt_clz.o)
    0x0800c0d2   0x0800c0d2   0x00000002   PAD
    0x0800c0d4   0x0800c0d4   0x00000102   Code   RO         6607    x$fpl$fmul          fz_ws.l(fmul.o)
    0x0800c1d6   0x0800c1d6   0x0000008c   Code   RO         6721    x$fpl$fnaninf       fz_ws.l(fnaninf.o)
    0x0800c262   0x0800c262   0x0000000a   Code   RO         6723    x$fpl$fretinf       fz_ws.l(fretinf.o)
    0x0800c26c   0x0800c26c   0x000000ea   Code   RO         6585    x$fpl$fsub          fz_ws.l(faddsub_clz.o)
    0x0800c356   0x0800c356   0x00000006   Code   RO         6853    x$fpl$ieeestatus    fz_ws.l(istatus.o)
    0x0800c35c   0x0800c35c   0x00000004   Code   RO         6609    x$fpl$printf1       fz_ws.l(printf1.o)
    0x0800c360   0x0800c360   0x00000004   Code   RO         6725    x$fpl$printf2       fz_ws.l(printf2.o)
    0x0800c364   0x0800c364   0x00000064   Code   RO         6855    x$fpl$retnan        fz_ws.l(retnan.o)
    0x0800c3c8   0x0800c3c8   0x0000005c   Code   RO         6731    x$fpl$scalbn        fz_ws.l(scalbn.o)
    0x0800c424   0x0800c424   0x0000004c   Code   RO         6611    x$fpl$scalbnf       fz_ws.l(scalbnf.o)
    0x0800c470   0x0800c470   0x00000004   Code   RO         6857    x$fpl$scanf1        fz_ws.l(scanf1.o)
    0x0800c474   0x0800c474   0x00000008   Code   RO         6944    x$fpl$scanf2        fz_ws.l(scanf2.o)
    0x0800c47c   0x0800c47c   0x00000030   Code   RO         6925    x$fpl$trapveneer    fz_ws.l(trapv.o)
    0x0800c4ac   0x0800c4ac   0x00000000   Code   RO         6733    x$fpl$usenofp       fz_ws.l(usenofp.o)
    0x0800c4ac   0x0800c4ac   0x000009c8   Data   RO           27    .constdata          oled.o
    0x0800ce74   0x0800ce74   0x0000001b   Data   RO          352    .constdata          inv_mpu_1.o
    0x0800ce8f   0x0800ce8f   0x00000001   PAD
    0x0800ce90   0x0800ce90   0x0000000c   Data   RO          353    .constdata          inv_mpu_1.o
    0x0800ce9c   0x0800ce9c   0x00000028   Data   RO          354    .constdata          inv_mpu_1.o
    0x0800cec4   0x0800cec4   0x00000bf6   Data   RO          688    .constdata          inv_mpu_dmp_motion_driver_1.o
    0x0800daba   0x0800daba   0x00000002   PAD
    0x0800dabc   0x0800dabc   0x00000090   Data   RO         1619    .constdata          freertos.o
    0x0800db4c   0x0800db4c   0x00000012   Data   RO         2243    .constdata          stm32f1xx_hal_rcc.o
    0x0800db5e   0x0800db5e   0x00000010   Data   RO         4807    .constdata          system_stm32f1xx.o
    0x0800db6e   0x0800db6e   0x00000008   Data   RO         4808    .constdata          system_stm32f1xx.o
    0x0800db76   0x0800db76   0x00000004   Data   RO         4849    .constdata          vofa_debug.o
    0x0800db7a   0x0800db7a   0x00000011   Data   RO         6538    .constdata          c_w.l(__printf_flags_ss_wp.o)
    0x0800db8b   0x0800db8b   0x00000005   PAD
    0x0800db90   0x0800db90   0x00000050   Data   RO         6615    .constdata          m_ws.l(asin.o)
    0x0800dbe0   0x0800dbe0   0x00000008   Data   RO         6657    .constdata          c_w.l(_printf_wctomb.o)
    0x0800dbe8   0x0800dbe8   0x00000028   Data   RO         6686    .constdata          c_w.l(_printf_hex_int_ll_ptr.o)
    0x0800dc10   0x0800dc10   0x00000098   Data   RO         6736    .constdata          m_ws.l(atan.o)
    0x0800dca8   0x0800dca8   0x00000008   Data   RO         6762    .constdata          m_ws.l(qnan.o)
    0x0800dcb0   0x0800dcb0   0x00000026   Data   RO         6805    .constdata          c_w.l(_printf_fp_hex.o)
    0x0800dcd6   0x0800dcd6   0x00000002   PAD
    0x0800dcd8   0x0800dcd8   0x00000094   Data   RO         6818    .constdata          c_w.l(bigflt0.o)
    0x0800dd6c   0x0800dd6c   0x00000047   Data   RO         1400    .conststring        remote.o
    0x0800ddb3   0x0800ddb3   0x00000001   PAD
    0x0800ddb4   0x0800ddb4   0x00000024   Data   RO         1621    .conststring        freertos.o
    0x0800ddd8   0x0800ddd8   0x00000020   Data   RO         7057    Region$$Table       anon$$obj.o
    0x0800ddf8   0x0800ddf8   0x00000008   Data   RO         6938    c$$dinf             fz_ws.l(fpconst.o)
    0x0800de00   0x0800de00   0x00000008   Data   RO         6941    c$$dmax             fz_ws.l(fpconst.o)
    0x0800de08   0x0800de08   0x0000001c   Data   RO         6844    locale$$data        c_w.l(lc_numeric_c.o)
    0x0800de24   0x0800de24   0x00000110   Data   RO         6929    locale$$data        c_w.l(lc_ctype_c.o)


    Execution Region RW_IRAM1 (Exec base: 0x20000000, Load base: 0x0800df34, Size: 0x00004840, Max: 0x00005000, ABSOLUTE, COMPRESSED[0x00000060])

    Exec Addr    Load Addr    Size         Type   Attr      Idx    E Section Name        Object

    0x20000000   COMPRESSED   0x0000001b   Data   RW           28    .data               oled.o
    0x2000001b   COMPRESSED   0x00000001   PAD
    0x2000001c   COMPRESSED   0x00000035   Data   RW          355    .data               inv_mpu_1.o
    0x20000051   COMPRESSED   0x00000003   PAD
    0x20000054   COMPRESSED   0x0000000c   Data   RW          946    .data               sr04.o
    0x20000060   COMPRESSED   0x00000010   Data   RW         1086    .data               pid.o
    0x20000070   COMPRESSED   0x00000040   Data   RW         1144    .data               control.o
    0x200000b0   COMPRESSED   0x0000001c   Data   RW         1304    .data               sensor.o
    0x200000cc   COMPRESSED   0x0000000c   Data   RW         1401    .data               remote.o
    0x200000d8   COMPRESSED   0x00000010   Data   RW         1623    .data               freertos.o
    0x200000e8   COMPRESSED   0x0000000c   Data   RW         2080    .data               stm32f1xx_hal.o
    0x200000f4   COMPRESSED   0x00000004   Data   RW         4809    .data               system_stm32f1xx.o
    0x200000f8   COMPRESSED   0x0000003c   Data   RW         5517    .data               tasks.o
    0x20000134   COMPRESSED   0x00000014   Data   RW         5833    .data               timers.o
    0x20000148   COMPRESSED   0x00000004   Data   RW         6021    .data               cmsis_os2.o
    0x2000014c   COMPRESSED   0x00000018   Data   RW         6384    .data               heap_4.o
    0x20000164   COMPRESSED   0x0000000c   Data   RW         6435    .data               port.o
    0x20000170        -       0x00000010   Zero   RW          687    .bss                inv_mpu_dmp_motion_driver_1.o
    0x20000180        -       0x00000014   Zero   RW         1303    .bss                sensor.o
    0x20000194        -       0x000000c0   Zero   RW         1399    .bss                remote.o
    0x20000254        -       0x00000018   Zero   RW         1617    .bss                freertos.o
    0x2000026c        -       0x00000054   Zero   RW         1724    .bss                i2c.o
    0x200002c0        -       0x00000120   Zero   RW         1774    .bss                tim.o
    0x200003e0        -       0x000000d0   Zero   RW         1856    .bss                usart.o
    0x200004b0        -       0x0000005c   Zero   RW         4848    .bss                vofa_debug.o
    0x2000050c        -       0x00000040   Zero   RW         5103    .bss                queue.o
    0x2000054c        -       0x000004c4   Zero   RW         5516    .bss                tasks.o
    0x20000a10        -       0x00000118   Zero   RW         5832    .bss                timers.o
    0x20000b28        -       0x000006b8   Zero   RW         6020    .bss                cmsis_os2.o
    0x200011e0        -       0x00003000   Zero   RW         6383    .bss                heap_4.o
    0x200041e0        -       0x00000060   Zero   RW         6860    .bss                c_w.l(libspace.o)
    0x20004240        -       0x00000200   Zero   RW            2    HEAP                startup_stm32f103xb.o
    0x20004440        -       0x00000400   Zero   RW            1    STACK               startup_stm32f103xb.o


==============================================================================

Image component sizes


      Code (inc. data)   RO Data    RW Data    ZI Data      Debug   Object Name

       696         48          0          4       1720      17941   cmsis_os2.o
       564        124          0         64          0      11802   control.o
        60          4          0          0          0        962   dma.o
        12          0          0          0          0        981   encoder.o
         0          0          0          0          0      20700   event_groups.o
       458         88        180         16         24       7772   freertos.o
       192         16          0          0          0       1175   gpio.o
       460         24          0         24      12288       5275   heap_4.o
       176         30          0          0         84       2057   i2c.o
       556         46          0          0          0       6347   iic_1.o
      5216        210         79         53          0      33178   inv_mpu_1.o
      2350        118       3062          0         16      21290   inv_mpu_dmp_motion_driver_1.o
       138          0          0          0          0       4002   list.o
       242         26          0          0          0       8620   main.o
       216          8          0          0          0       3030   motor.o
       590          0          0          0          0       7577   mpu6050_1.o
       416         28       2504         27          0     441937   oled.o
       258         10          0         16          0       3266   pid.o
       662         70          0         12          0      11981   port.o
      1512         20          0          0         64      18388   queue.o
      1220        254         71         12        192      21076   remote.o
       236         66          0         28         20       6266   sensor.o
       244         36          0         12          0       2705   sr04.o
        64         26        236          0       1536        884   startup_stm32f103xb.o
       164         28          0         12          0       6689   stm32f1xx_hal.o
       198         14          0          0          0      29547   stm32f1xx_hal_cortex.o
       812         36          0          0          0       6329   stm32f1xx_hal_dma.o
       500         34          0          0          0       3911   stm32f1xx_hal_gpio.o
      1414         32          0          0          0      10267   stm32f1xx_hal_i2c.o
        72         10          0          0          0       1066   stm32f1xx_hal_msp.o
      1240         84         18          0          0       5712   stm32f1xx_hal_rcc.o
      2558         70          0          0          0      22917   stm32f1xx_hal_tim.o
       192         12          0          0          0       3689   stm32f1xx_hal_tim_ex.o
      2314         38          0          0          0      19348   stm32f1xx_hal_uart.o
       108         36          0          0          0       7017   stm32f1xx_it.o
       964          0          0          0          0      23134   stream_buffer.o
         2          0         24          4          0       1415   system_stm32f1xx.o
      2708        228          0         60       1220      31235   tasks.o
       884         84          0          0        288       6535   tim.o
       912         82          0         20        280      19475   timers.o
       284         28          0          0        208       2280   usart.o
       220         32          4          0         92       4106   vofa_debug.o

    ----------------------------------------------------------------------
     32148       2100       6214        368      18032     863884   Object Totals
         0          0         32          0          0          0   (incl. Generated)
        64          0          4          4          0          0   (incl. Padding)

    ----------------------------------------------------------------------

      Code (inc. data)   RO Data    RW Data    ZI Data      Debug   Library Member Name

        44          6          0          0          0         84   __2sprintf.o
        90          0          0          0          0          0   __dczerorl2.o
         8          0          0          0          0         68   __main.o
       392          4         17          0          0         92   __printf_flags_ss_wp.o
        14          0          0          0          0         68   __printf_wp.o
         0          0          0          0          0          0   __rtentry.o
        12          0          0          0          0          0   __rtentry2.o
         6          0          0          0          0          0   __rtentry4.o
        52          8          0          0          0          0   __scatter.o
        28          0          0          0          0          0   __scatter_zi.o
        28          0          0          0          0         68   _chval.o
         6          0          0          0          0          0   _printf_a.o
         6          0          0          0          0          0   _printf_c.o
        44          0          0          0          0        108   _printf_char.o
        48          6          0          0          0         96   _printf_char_common.o
        40          0          0          0          0         68   _printf_charcount.o
         6          0          0          0          0          0   _printf_d.o
       120         16          0          0          0         92   _printf_dec.o
         6          0          0          0          0          0   _printf_e.o
         6          0          0          0          0          0   _printf_f.o
      1054          0          0          0          0        216   _printf_fp_dec.o
       764          8         38          0          0        100   _printf_fp_hex.o
       128         16          0          0          0         84   _printf_fp_infnan.o
         6          0          0          0          0          0   _printf_g.o
       148          4         40          0          0        160   _printf_hex_int_ll_ptr.o
         6          0          0          0          0          0   _printf_i.o
       178          0          0          0          0         88   _printf_intcommon.o
        10          0          0          0          0          0   _printf_l.o
         6          0          0          0          0          0   _printf_lc.o
        10          0          0          0          0          0   _printf_ll.o
         6          0          0          0          0          0   _printf_lld.o
         6          0          0          0          0          0   _printf_lli.o
         6          0          0          0          0          0   _printf_llo.o
         6          0          0          0          0          0   _printf_llu.o
         6          0          0          0          0          0   _printf_llx.o
       124         16          0          0          0         92   _printf_longlong_dec.o
         6          0          0          0          0          0   _printf_ls.o
         6          0          0          0          0          0   _printf_n.o
         6          0          0          0          0          0   _printf_o.o
       112         10          0          0          0        124   _printf_oct_int_ll.o
         6          0          0          0          0          0   _printf_p.o
        78          0          0          0          0        108   _printf_pad.o
         0          0          0          0          0          0   _printf_percent.o
         4          0          0          0          0          0   _printf_percent_end.o
         6          0          0          0          0          0   _printf_s.o
        82          0          0          0          0         80   _printf_str.o
        36          0          0          0          0         84   _printf_truncate.o
         6          0          0          0          0          0   _printf_u.o
        44          0          0          0          0        108   _printf_wchar.o
       188          6          8          0          0         92   _printf_wctomb.o
         6          0          0          0          0          0   _printf_x.o
        22          0          0          0          0        100   _rserrno.o
        64          0          0          0          0         84   _sgetc.o
        16          0          0          0          0         68   _snputc.o
        10          0          0          0          0         68   _sputc.o
        64          0          0          0          0         92   _wcrtomb.o
        16          0          0          0          0         68   aeabi_memset.o
       228          4        148          0          0         96   bigflt0.o
      2152        136          0          0          0        960   btod.o
        18          0          0          0          0         80   exit.o
         6          0          0          0          0        152   heapauxi.o
         0          0          0          0          0          0   indicate_semi.o
        18          0          0          0          0         76   isspace.o
        44         10        272          0          0         76   lc_ctype_c.o
        44         10         28          0          0         76   lc_numeric_c.o
         2          0          0          0          0          0   libinit.o
        30          0          0          0          0          0   libinit2.o
         2          0          0          0          0          0   libshutdown.o
         2          0          0          0          0          0   libshutdown2.o
         8          4          0          0         96         68   libspace.o
        72          0          0          0          0         76   llsdiv.o
        38          0          0          0          0         68   llshl.o
       138          0          0          0          0         80   lludiv10.o
       238          0          0          0          0        100   lludivv7m.o
        88          0          0          0          0         76   memcmp.o
        22          0          0          0          0         76   memset.o
        16          4          0          0          0         76   rt_ctype_table.o
         8          4          0          0          0         68   rt_errno_addr_intlibspace.o
         8          4          0          0          0         68   rt_locale_intlibspace.o
        68          0          0          0          0         68   rt_memclr.o
        78          0          0          0          0         80   rt_memclr_w.o
       138          0          0          0          0         68   rt_memcpy_v6.o
       100          0          0          0          0         80   rt_memcpy_w.o
         2          0          0          0          0          0   rtexit.o
        10          0          0          0          0          0   rtexit2.o
      1272         16          0          0          0        168   scanf_fp.o
       800         14          0          0          0        100   scanf_hexfp.o
       308         16          0          0          0        100   scanf_infnan.o
       128          0          0          0          0         68   strcmpv7m.o
       150          0          0          0          0         80   strncmp.o
       164         14          0          0          0        120   strtod.o
        12          4          0          0          0         68   sys_exit.o
        74          0          0          0          0         80   sys_stackheap_outer.o
         2          0          0          0          0         68   use_no_semi.o
        52          4          0          0          0         80   vsnprintf.o
        98          4          0          0          0         92   d2f.o
       826         16          0          0          0        348   daddsub_clz.o
        16          4          0          0          0         68   dcheck1.o
        24          0          0          0          0         68   dcmpi.o
       688        140          0          0          0        208   ddiv.o
       120          4          0          0          0         92   deqf.o
       120          4          0          0          0         92   dleqf.o
       340         12          0          0          0        104   dmul.o
       156          4          0          0          0         92   dnaninf.o
        12          0          0          0          0         68   dretinf.o
       108          0          0          0          0         80   drleqf.o
       460         56          0          0          0        120   dsqrt_noumaal.o
        86          4          0          0          0         84   f2d.o
       430          8          0          0          0        168   faddsub_clz.o
        12          4          0          0          0         68   fcheck1.o
       388         76          0          0          0         96   fdiv.o
        54          4          0          0          0         84   ffix.o
        62          4          0          0          0         84   ffixu.o
        86          0          0          0          0        136   fflt_clz.o
       258          4          0          0          0         84   fmul.o
       140          4          0          0          0         84   fnaninf.o
         0          0         16          0          0          0   fpconst.o
        10          0          0          0          0         68   fretinf.o
         6          0          0          0          0         68   istatus.o
         4          0          0          0          0         68   printf1.o
         4          0          0          0          0         68   printf2.o
       100          0          0          0          0         68   retnan.o
        92          0          0          0          0         68   scalbn.o
        76          0          0          0          0         68   scalbnf.o
         4          0          0          0          0         68   scanf1.o
         8          0          0          0          0         84   scanf2.o
        48          0          0          0          0         68   trapv.o
         0          0          0          0          0          0   usenofp.o
       624         52         80          0          0        168   asin.o
       544         70        152          0          0        124   atan.o
       384         38          0          0          0        144   atan2.o
        42          0          0          0          0         84   atof.o
        52          6          0          0          0        340   dunder.o
        40          0          0          0          0         68   fpclassify.o
        88          8          0          0          0         76   frexp.o
       138          0          0          0          0        160   ldexp.o
       204          4          0          0          0        168   narrow.o
       170          0          0          0          0         96   poly.o
         0          0          8          0          0          0   qnan.o
        76          0          0          0          0         84   sqrt.o

    ----------------------------------------------------------------------
     17964        874        814          0         96      10588   Library Totals
        28          0          7          0          0          0   (incl. Padding)

    ----------------------------------------------------------------------

      Code (inc. data)   RO Data    RW Data    ZI Data      Debug   Library Name

     10738        344        551          0         96       6060   c_w.l
      4836        352         16          0          0       3016   fz_ws.l
      2362        178        240          0          0       1512   m_ws.l

    ----------------------------------------------------------------------
     17964        874        814          0         96      10588   Library Totals

    ----------------------------------------------------------------------

==============================================================================


      Code (inc. data)   RO Data    RW Data    ZI Data      Debug   

     50112       2974       7028        368      18128     850860   Grand Totals
     50112       2974       7028         96      18128     850860   ELF Image Totals (compressed)
     50112       2974       7028         96          0          0   ROM Totals

==============================================================================

    Total RO  Size (Code + RO Data)                57140 (  55.80kB)
    Total RW  Size (RW Data + ZI Data)             18496 (  18.06kB)
    Total ROM Size (Code + RO Data + RW Data)      57236 (  55.89kB)

==============================================================================

