<html>
<body>
<pre>
<h1>礦ision Build Log</h1>
<h2>Tool Versions:</h2>
IDE-Version: μVision V5.28.0.0
Copyright (C) 2019 ARM Ltd and ARM Germany GmbH. All rights reserved.
License Information: 21 LjR, HP Inc., LIC=Z3C6R-KKMHK-E0BN4-F6KQB-GL92B-QVCED
 
Tool Versions:
Toolchain:       MDK-ARM Professional  Version: 5.28.0.0
Toolchain Path:  D:\MCU_Tool\Keil5\Core\ARM\ARMCC\Bin
C Compiler:      Armcc.exe V5.06 update 6 (build 750)
Assembler:       Armasm.exe V5.06 update 6 (build 750)
Linker/Locator:  ArmLink.exe V5.06 update 6 (build 750)
Library Manager: ArmAr.exe V5.06 update 6 (build 750)
Hex Converter:   FromElf.exe V5.06 update 6 (build 750)
CPU DLL:         SARMCM3.DLL V5.28.0.0
Dialog DLL:      DCM.DLL V1.17.3.0
Target DLL:      STLink\ST-LINKIII-KEIL_SWO.dll V3.0.6.0
Dialog DLL:      TCM.DLL V1.36.2.0
 
<h2>Project:</h2>
C:\Users\LjR\Downloads\STM32平衡小车资料包\STM32平衡小车资料包\2.程序\1.STM32平衡小车源代码\HAL库\UpStanding_Car(370)-freertos\MDK-ARM\OLED.uvprojx
Project File Date:  08/08/2026

<h2>Output:</h2>
*** Using Compiler 'V5.06 update 6 (build 750)', folder: 'D:\MCU_Tool\Keil5\Core\ARM\ARMCC\Bin'
Rebuild target 'OLED'
assembling startup_stm32f103xb.s...
compiling pid.c...
compiling oled.c...
compiling mpu6050.c...
compiling IIC.c...
compiling freertos.c...
compiling inv_mpu_dmp_motion_driver.c...
compiling main.c...
compiling motor.c...
compiling stm32f1xx_hal_gpio_ex.c...
compiling encoder.c...
compiling stm32f1xx_it.c...
compiling sr04.c...
compiling control.c...
compiling sensor.c...
compiling gpio.c...
compiling stm32f1xx_hal_msp.c...
compiling dma.c...
compiling tim.c...
compiling i2c.c...
compiling usart.c...
compiling stm32f1xx_hal.c...
compiling remote.c...
compiling stm32f1xx_hal_rcc.c...
compiling inv_mpu.c...
compiling croutine.c...
compiling list.c...
compiling event_groups.c...
compiling stm32f1xx_hal_rcc_ex.c...
compiling timers.c...
compiling stream_buffer.c...
compiling queue.c...
compiling stm32f1xx_hal_gpio.c...
compiling stm32f1xx_hal_cortex.c...
compiling stm32f1xx_hal_dma.c...
compiling heap_4.c...
compiling tasks.c...
compiling stm32f1xx_hal_pwr.c...
compiling port.c...
compiling stm32f1xx_hal_flash.c...
compiling cmsis_os2.c...
compiling stm32f1xx_hal_flash_ex.c...
compiling stm32f1xx_hal_exti.c...
compiling system_stm32f1xx.c...
compiling vofa_debug.c...
compiling stm32f1xx_hal_tim_ex.c...
compiling stm32f1xx_hal_uart.c...
compiling stm32f1xx_hal_i2c.c...
compiling stm32f1xx_hal_tim.c...
linking...
Program Size: Code=50112 RO-data=7028 RW-data=368 ZI-data=18128  
FromELF: creating hex file...
"OLED\OLED.axf" - 0 Error(s), 0 Warning(s).

<h2>Software Packages used:</h2>

Package Vendor: ARM
                http://www.keil.com/pack/ARM.CMSIS.5.5.1.pack
                ARM.CMSIS.5.5.1
                CMSIS (Cortex Microcontroller Software Interface Standard)
   * Component: CORE Version: 5.2.0

Package Vendor: Keil
                https://www.keil.com/pack/Keil.STM32F1xx_DFP.2.4.1.pack
                Keil.STM32F1xx_DFP.2.4.1
                STMicroelectronics STM32F1 Series Device Support, Drivers and Examples

<h2>Collection of Component include folders:</h2>
  .\RTE\_OLED
  D:\MCU_Tool\Keil5\Pack\ARM\CMSIS\5.5.1\CMSIS\Core\Include
  D:\MCU_Tool\Keil5\Pack\Keil\STM32F1xx_DFP\2.4.1\Device\Include

<h2>Collection of Component Files used:</h2>

   * Component: ARM::CMSIS:CORE:5.2.0
Build Time Elapsed:  00:00:03
</pre>
</body>
</html>
